../Drivers/STM32L1xx_HAL_Driver/Src/stm32l1xx_hal_adc.c:432:19:HAL_ADC_Init	64	static,ignoring_inline_asm
../Drivers/STM32L1xx_HAL_Driver/Src/stm32l1xx_hal_adc.c:681:19:HAL_ADC_DeInit	24	static
../Drivers/STM32L1xx_HAL_Driver/Src/stm32l1xx_hal_adc.c:830:13:HAL_ADC_MspInit	16	static
../Drivers/STM32L1xx_HAL_Driver/Src/stm32l1xx_hal_adc.c:845:13:HAL_ADC_MspDeInit	16	static
../Drivers/STM32L1xx_HAL_Driver/Src/stm32l1xx_hal_adc.c:1091:19:HAL_ADC_Start	24	static
../Drivers/STM32L1xx_HAL_Driver/Src/stm32l1xx_hal_adc.c:1166:19:HAL_ADC_Stop	24	static
../Drivers/STM32L1xx_HAL_Driver/Src/stm32l1xx_hal_adc.c:1214:19:HAL_ADC_PollForConversion	24	static
../Drivers/STM32L1xx_HAL_Driver/Src/stm32l1xx_hal_adc.c:1311:19:HAL_ADC_PollForEvent	32	static
../Drivers/STM32L1xx_HAL_Driver/Src/stm32l1xx_hal_adc.c:1385:19:HAL_ADC_Start_IT	24	static
../Drivers/STM32L1xx_HAL_Driver/Src/stm32l1xx_hal_adc.c:1461:19:HAL_ADC_Stop_IT	24	static
../Drivers/STM32L1xx_HAL_Driver/Src/stm32l1xx_hal_adc.c:1507:19:HAL_ADC_Start_DMA	32	static
../Drivers/STM32L1xx_HAL_Driver/Src/stm32l1xx_hal_adc.c:1607:19:HAL_ADC_Stop_DMA	24	static
../Drivers/STM32L1xx_HAL_Driver/Src/stm32l1xx_hal_adc.c:1676:10:HAL_ADC_GetValue	16	static
../Drivers/STM32L1xx_HAL_Driver/Src/stm32l1xx_hal_adc.c:1693:6:HAL_ADC_IRQHandler	16	static
../Drivers/STM32L1xx_HAL_Driver/Src/stm32l1xx_hal_adc.c:1848:13:HAL_ADC_ConvCpltCallback	16	static
../Drivers/STM32L1xx_HAL_Driver/Src/stm32l1xx_hal_adc.c:1863:13:HAL_ADC_ConvHalfCpltCallback	16	static
../Drivers/STM32L1xx_HAL_Driver/Src/stm32l1xx_hal_adc.c:1878:13:HAL_ADC_LevelOutOfWindowCallback	16	static
../Drivers/STM32L1xx_HAL_Driver/Src/stm32l1xx_hal_adc.c:1900:13:HAL_ADC_ErrorCallback	16	static
../Drivers/STM32L1xx_HAL_Driver/Src/stm32l1xx_hal_adc.c:1949:19:HAL_ADC_ConfigChannel	24	static
../Drivers/STM32L1xx_HAL_Driver/Src/stm32l1xx_hal_adc.c:2074:19:HAL_ADC_AnalogWDGConfig	16	static
../Drivers/STM32L1xx_HAL_Driver/Src/stm32l1xx_hal_adc.c:2161:10:HAL_ADC_GetState	16	static
../Drivers/STM32L1xx_HAL_Driver/Src/stm32l1xx_hal_adc.c:2172:10:HAL_ADC_GetError	16	static
../Drivers/STM32L1xx_HAL_Driver/Src/stm32l1xx_hal_adc.c:2202:19:ADC_Enable	24	static
../Drivers/STM32L1xx_HAL_Driver/Src/stm32l1xx_hal_adc.c:2261:19:ADC_ConversionStop_Disable	24	static
../Drivers/STM32L1xx_HAL_Driver/Src/stm32l1xx_hal_adc.c:2303:13:ADC_DMAConvCplt	24	static
../Drivers/STM32L1xx_HAL_Driver/Src/stm32l1xx_hal_adc.c:2359:13:ADC_DMAHalfConvCplt	24	static
../Drivers/STM32L1xx_HAL_Driver/Src/stm32l1xx_hal_adc.c:2377:13:ADC_DMAError	24	static
