Archive member included to satisfy reference by file (symbol)

/opt/st/stm32cubeide_1.10.1/plugins/com.st.stm32cube.ide.mcu.externaltools.gnu-tools-for-stm32.10.3-2021.10.linux64_1.0.0.202111181127/tools/bin/../lib/gcc/arm-none-eabi/10.3.1/../../../../arm-none-eabi/lib/thumb/v7-m/nofp/libc_nano.a(lib_a-ctype_.o)
                              ./Core/Src/zforth.o (_ctype_)
/opt/st/stm32cubeide_1.10.1/plugins/com.st.stm32cube.ide.mcu.externaltools.gnu-tools-for-stm32.10.3-2021.10.linux64_1.0.0.202111181127/tools/bin/../lib/gcc/arm-none-eabi/10.3.1/../../../../arm-none-eabi/lib/thumb/v7-m/nofp/libc_nano.a(lib_a-errno.o)
                              ./Core/Src/syscalls.o (__errno)
/opt/st/stm32cubeide_1.10.1/plugins/com.st.stm32cube.ide.mcu.externaltools.gnu-tools-for-stm32.10.3-2021.10.linux64_1.0.0.202111181127/tools/bin/../lib/gcc/arm-none-eabi/10.3.1/../../../../arm-none-eabi/lib/thumb/v7-m/nofp/libc_nano.a(lib_a-exit.o)
                              /opt/st/stm32cubeide_1.10.1/plugins/com.st.stm32cube.ide.mcu.externaltools.gnu-tools-for-stm32.10.3-2021.10.linux64_1.0.0.202111181127/tools/bin/../lib/gcc/arm-none-eabi/10.3.1/../../../../arm-none-eabi/lib/thumb/v7-m/nofp/crt0.o (exit)
/opt/st/stm32cubeide_1.10.1/plugins/com.st.stm32cube.ide.mcu.externaltools.gnu-tools-for-stm32.10.3-2021.10.linux64_1.0.0.202111181127/tools/bin/../lib/gcc/arm-none-eabi/10.3.1/../../../../arm-none-eabi/lib/thumb/v7-m/nofp/libc_nano.a(lib_a-impure.o)
                              /opt/st/stm32cubeide_1.10.1/plugins/com.st.stm32cube.ide.mcu.externaltools.gnu-tools-for-stm32.10.3-2021.10.linux64_1.0.0.202111181127/tools/bin/../lib/gcc/arm-none-eabi/10.3.1/../../../../arm-none-eabi/lib/thumb/v7-m/nofp/libc_nano.a(lib_a-exit.o) (_global_impure_ptr)
/opt/st/stm32cubeide_1.10.1/plugins/com.st.stm32cube.ide.mcu.externaltools.gnu-tools-for-stm32.10.3-2021.10.linux64_1.0.0.202111181127/tools/bin/../lib/gcc/arm-none-eabi/10.3.1/../../../../arm-none-eabi/lib/thumb/v7-m/nofp/libc_nano.a(lib_a-init.o)
                              /opt/st/stm32cubeide_1.10.1/plugins/com.st.stm32cube.ide.mcu.externaltools.gnu-tools-for-stm32.10.3-2021.10.linux64_1.0.0.202111181127/tools/bin/../lib/gcc/arm-none-eabi/10.3.1/../../../../arm-none-eabi/lib/thumb/v7-m/nofp/crt0.o (__libc_init_array)
/opt/st/stm32cubeide_1.10.1/plugins/com.st.stm32cube.ide.mcu.externaltools.gnu-tools-for-stm32.10.3-2021.10.linux64_1.0.0.202111181127/tools/bin/../lib/gcc/arm-none-eabi/10.3.1/../../../../arm-none-eabi/lib/thumb/v7-m/nofp/libc_nano.a(lib_a-memcmp.o)
                              ./Core/Src/zforth.o (memcmp)
/opt/st/stm32cubeide_1.10.1/plugins/com.st.stm32cube.ide.mcu.externaltools.gnu-tools-for-stm32.10.3-2021.10.linux64_1.0.0.202111181127/tools/bin/../lib/gcc/arm-none-eabi/10.3.1/../../../../arm-none-eabi/lib/thumb/v7-m/nofp/libc_nano.a(lib_a-memcpy-stub.o)
                              ./Core/Src/main.o (memcpy)
/opt/st/stm32cubeide_1.10.1/plugins/com.st.stm32cube.ide.mcu.externaltools.gnu-tools-for-stm32.10.3-2021.10.linux64_1.0.0.202111181127/tools/bin/../lib/gcc/arm-none-eabi/10.3.1/../../../../arm-none-eabi/lib/thumb/v7-m/nofp/libc_nano.a(lib_a-memset.o)
                              /opt/st/stm32cubeide_1.10.1/plugins/com.st.stm32cube.ide.mcu.externaltools.gnu-tools-for-stm32.10.3-2021.10.linux64_1.0.0.202111181127/tools/bin/../lib/gcc/arm-none-eabi/10.3.1/../../../../arm-none-eabi/lib/thumb/v7-m/nofp/crt0.o (memset)
/opt/st/stm32cubeide_1.10.1/plugins/com.st.stm32cube.ide.mcu.externaltools.gnu-tools-for-stm32.10.3-2021.10.linux64_1.0.0.202111181127/tools/bin/../lib/gcc/arm-none-eabi/10.3.1/../../../../arm-none-eabi/lib/thumb/v7-m/nofp/libc_nano.a(lib_a-setjmp.o)
                              ./Core/Src/zforth.o (setjmp)
/opt/st/stm32cubeide_1.10.1/plugins/com.st.stm32cube.ide.mcu.externaltools.gnu-tools-for-stm32.10.3-2021.10.linux64_1.0.0.202111181127/tools/bin/../lib/gcc/arm-none-eabi/10.3.1/../../../../arm-none-eabi/lib/thumb/v7-m/nofp/libc_nano.a(lib_a-snprintf.o)
                              ./Core/Src/sramplatform.o (snprintf)
/opt/st/stm32cubeide_1.10.1/plugins/com.st.stm32cube.ide.mcu.externaltools.gnu-tools-for-stm32.10.3-2021.10.linux64_1.0.0.202111181127/tools/bin/../lib/gcc/arm-none-eabi/10.3.1/../../../../arm-none-eabi/lib/thumb/v7-m/nofp/libc_nano.a(lib_a-sscanf.o)
                              ./Core/Src/zforth.o (sscanf)
/opt/st/stm32cubeide_1.10.1/plugins/com.st.stm32cube.ide.mcu.externaltools.gnu-tools-for-stm32.10.3-2021.10.linux64_1.0.0.202111181127/tools/bin/../lib/gcc/arm-none-eabi/10.3.1/../../../../arm-none-eabi/lib/thumb/v7-m/nofp/libc_nano.a(lib_a-stdio.o)
                              /opt/st/stm32cubeide_1.10.1/plugins/com.st.stm32cube.ide.mcu.externaltools.gnu-tools-for-stm32.10.3-2021.10.linux64_1.0.0.202111181127/tools/bin/../lib/gcc/arm-none-eabi/10.3.1/../../../../arm-none-eabi/lib/thumb/v7-m/nofp/libc_nano.a(lib_a-sscanf.o) (__seofread)
[...]
Memory Configuration

Name             Origin             Length             Attributes
RAM              0x0000000020000000 0x0000000000014000 xrw
FLASH            0x0000000008000000 0x0000000000080000 xr
*default*        0x0000000000000000 0xffffffffffffffff

Linker script and memory map

LOAD /opt/st/stm32cubeide_1.10.1/plugins/com.st.stm32cube.ide.mcu.externaltools.gnu-tools-for-stm32.10.3-2021.10.linux64_1.0.0.202111181127/tools/bin/../lib/gcc/arm-none-eabi/10.3.1/thumb/v7-m/nofp/crti.o
LOAD /opt/st/stm32cubeide_1.10.1/plugins/com.st.stm32cube.ide.mcu.externaltools.gnu-tools-for-stm32.10.3-2021.10.linux64_1.0.0.202111181127/tools/bin/../lib/gcc/arm-none-eabi/10.3.1/thumb/v7-m/nofp/crtbegin.o
LOAD /opt/st/stm32cubeide_1.10.1/plugins/com.st.stm32cube.ide.mcu.externaltools.gnu-tools-for-stm32.10.3-2021.10.linux64_1.0.0.202111181127/tools/bin/../lib/gcc/arm-none-eabi/10.3.1/../../../../arm-none-eabi/lib/thumb/v7-m/nofp/crt0.o
LOAD ./Core/Src/main.o
LOAD ./Core/Src/sramplatform.o
LOAD ./Core/Src/stm32l1xx_hal_msp.o
LOAD ./Core/Src/stm32l1xx_it.o
LOAD ./Core/Src/syscalls.o
LOAD ./Core/Src/sysmem.o
LOAD ./Core/Src/system_stm32l1xx.o
LOAD ./Core/Src/zforth.o
LOAD ./Core/Startup/startup_stm32l152retx.o
LOAD ./Drivers/STM32L1xx_HAL_Driver/Src/stm32l1xx_hal.o
LOAD ./Drivers/STM32L1xx_HAL_Driver/Src/stm32l1xx_hal_adc.o
LOAD ./Drivers/STM32L1xx_HAL_Driver/Src/stm32l1xx_hal_adc_ex.o
LOAD ./Drivers/STM32L1xx_HAL_Driver/Src/stm32l1xx_hal_cortex.o
LOAD ./Drivers/STM32L1xx_HAL_Driver/Src/stm32l1xx_hal_dma.o
LOAD ./Drivers/STM32L1xx_HAL_Driver/Src/stm32l1xx_hal_exti.o
LOAD ./Drivers/STM32L1xx_HAL_Driver/Src/stm32l1xx_hal_flash.o
LOAD ./Drivers/STM32L1xx_HAL_Driver/Src/stm32l1xx_hal_flash_ex.o
LOAD ./Drivers/STM32L1xx_HAL_Driver/Src/stm32l1xx_hal_flash_ramfunc.o
LOAD ./Drivers/STM32L1xx_HAL_Driver/Src/stm32l1xx_hal_gpio.o
LOAD ./Drivers/STM32L1xx_HAL_Driver/Src/stm32l1xx_hal_pwr.o
LOAD ./Drivers/STM32L1xx_HAL_Driver/Src/stm32l1xx_hal_pwr_ex.o
LOAD ./Drivers/STM32L1xx_HAL_Driver/Src/stm32l1xx_hal_rcc.o
LOAD ./Drivers/STM32L1xx_HAL_Driver/Src/stm32l1xx_hal_rcc_ex.o
LOAD ./Drivers/STM32L1xx_HAL_Driver/Src/stm32l1xx_hal_tim.o
LOAD ./Drivers/STM32L1xx_HAL_Driver/Src/stm32l1xx_hal_tim_ex.o
LOAD ./Drivers/STM32L1xx_HAL_Driver/Src/stm32l1xx_hal_uart.o
START GROUP
LOAD /opt/st/stm32cubeide_1.10.1/plugins/com.st.stm32cube.ide.mcu.externaltools.gnu-tools-for-stm32.10.3-2021.10.linux64_1.0.0.202111181127/tools/bin/../lib/gcc/arm-none-eabi/10.3.1/../../../../arm-none-eabi/lib/thumb/v7-m/nofp/libc_nano.a
LOAD /opt/st/stm32cubeide_1.10.1/plugins/com.st.stm32cube.ide.mcu.externaltools.gnu-tools-for-stm32.10.3-2021.10.linux64_1.0.0.202111181127/tools/bin/../lib/gcc/arm-none-eabi/10.3.1/../../../../arm-none-eabi/lib/thumb/v7-m/nofp/libm.a
END GROUP
START GROUP
LOAD /opt/st/stm32cubeide_1.10.1/plugins/com.st.stm32cube.ide.mcu.externaltools.gnu-tools-for-stm32.10.3-2021.10.linux64_1.0.0.202111181127/tools/bin/../lib/gcc/arm-none-eabi/10.3.1/thumb/v7-m/nofp/libgcc.a
LOAD /opt/st/stm32cubeide_1.10.1/plugins/com.st.stm32cube.ide.mcu.externaltools.gnu-tools-for-stm32.10.3-2021.10.linux64_1.0.0.202111181127/tools/bin/../lib/gcc/arm-none-eabi/10.3.1/../../../../arm-none-eabi/lib/thumb/v7-m/nofp/libc_nano.a
END GROUP
START GROUP
LOAD /opt/st/stm32cubeide_1.10.1/plugins/com.st.stm32cube.ide.mcu.externaltools.gnu-tools-for-stm32.10.3-2021.10.linux64_1.0.0.202111181127/tools/bin/../lib/gcc/arm-none-eabi/10.3.1/thumb/v7-m/nofp/libgcc.a
LOAD /opt/st/stm32cubeide_1.10.1/plugins/com.st.stm32cube.ide.mcu.externaltools.gnu-tools-for-stm32.10.3-2021.10.linux64_1.0.0.202111181127/tools/bin/../lib/gcc/arm-none-eabi/10.3.1/../../../../arm-none-eabi/lib/thumb/v7-m/nofp/libc_nano.a
LOAD /opt/st/stm32cubeide_1.10.1/plugins/com.st.stm32cube.ide.mcu.externaltools.gnu-tools-for-stm32.10.3-2021.10.linux64_1.0.0.202111181127/tools/bin/../lib/gcc/arm-none-eabi/10.3.1/../../../../arm-none-eabi/lib/thumb/v7-m/nofp/libnosys.a
END GROUP
START GROUP
LOAD /opt/st/stm32cubeide_1.10.1/plugins/com.st.stm32cube.ide.mcu.externaltools.gnu-tools-for-stm32.10.3-2021.10.linux64_1.0.0.202111181127/tools/bin/../lib/gcc/arm-none-eabi/10.3.1/thumb/v7-m/nofp/libgcc.a
LOAD /opt/st/stm32cubeide_1.10.1/plugins/com.st.stm32cube.ide.mcu.externaltools.gnu-tools-for-stm32.10.3-2021.10.linux64_1.0.0.202111181127/tools/bin/../lib/gcc/arm-none-eabi/10.3.1/../../../../arm-none-eabi/lib/thumb/v7-m/nofp/libc_nano.a
LOAD /opt/st/stm32cubeide_1.10.1/plugins/com.st.stm32cube.ide.mcu.externaltools.gnu-tools-for-stm32.10.3-2021.10.linux64_1.0.0.202111181127/tools/bin/../lib/gcc/arm-none-eabi/10.3.1/../../../../arm-none-eabi/lib/thumb/v7-m/nofp/libnosys.a
END GROUP
LOAD /opt/st/stm32cubeide_1.10.1/plugins/com.st.stm32cube.ide.mcu.externaltools.gnu-tools-for-stm32.10.3-2021.10.linux64_1.0.0.202111181127/tools/bin/../lib/gcc/arm-none-eabi/10.3.1/thumb/v7-m/nofp/crtend.o
LOAD /opt/st/stm32cubeide_1.10.1/plugins/com.st.stm32cube.ide.mcu.externaltools.gnu-tools-for-stm32.10.3-2021.10.linux64_1.0.0.202111181127/tools/bin/../lib/gcc/arm-none-eabi/10.3.1/thumb/v7-m/nofp/crtn.o
                0x0000000020014000                _estack = (ORIGIN (RAM) + LENGTH (RAM))
                0x0000000000000200                _Min_Heap_Size = 0x200
                0x0000000000000400                _Min_Stack_Size = 0x400

.isr_vector     0x0000000008000000      0x13c
                0x0000000008000000                . = ALIGN (0x4)
 *(.isr_vector)
 .isr_vector    0x0000000008000000      0x13c ./Core/Startup/startup_stm32l152retx.o
                0x0000000008000000                g_pfnVectors
                0x000000000800013c                . = ALIGN (0x4)

.text           0x000000000800013c     0x6800
                0x000000000800013c                . = ALIGN (0x4)
 *(.text)
 .text          0x000000000800013c       0x40 /opt/st/stm32cubeide_1.10.1/plugins/com.st.stm32cube.ide.mcu.externaltools.gnu-tools-for-stm32.10.3-2021.10.linux64_1.0.0.202111181127/tools/bin/../lib/gcc/arm-none-eabi/10.3.1/thumb/v7-m/nofp/crtbegin.o
 .text          0x000000000800017c       0x1c /opt/st/stm32cubeide_1.10.1/plugins/com.st.stm32cube.ide.mcu.externaltools.gnu-tools-for-stm32.10.3-2021.10.linux64_1.0.0.202111181127/tools/bin/../lib/gcc/arm-none-eabi/10.3.1/../../../../arm-none-eabi/lib/thumb/v7-m/nofp/libc_nano.a(lib_a-setjmp.o)
                0x000000000800017c                setjmp
                0x0000000008000188                longjmp
 .text          0x0000000008000198       0x14 /opt/st/stm32cubeide_1.10.1/plugins/com.st.stm32cube.ide.mcu.externaltools.gnu-tools-for-stm32.10.3-2021.10.linux64_1.0.0.202111181127/tools/bin/../lib/gcc/arm-none-eabi/10.3.1/../../../../arm-none-eabi/lib/thumb/v7-m/nofp/libc_nano.a(lib_a-strcmp.o)
                0x0000000008000198                strcmp
 .text          0x00000000080001ac       0x10 /opt/st/stm32cubeide_1.10.1/plugins/com.st.stm32cube.ide.mcu.externaltools.gnu-tools-for-stm32.10.3-2021.10.linux64_1.0.0.202111181127/tools/bin/../lib/gcc/arm-none-eabi/10.3.1/../../../../arm-none-eabi/lib/thumb/v7-m/nofp/libc_nano.a(lib_a-strlen.o)
                0x00000000080001ac                strlen
 .text          0x00000000080001bc       0x30 /opt/st/stm32cubeide_1.10.1/plugins/com.st.stm32cube.ide.mcu.externaltools.gnu-tools-for-stm32.10.3-2021.10.linux64_1.0.0.202111181127/tools/bin/../lib/gcc/arm-none-eabi/10.3.1/thumb/v7-m/nofp/libgcc.a(_aeabi_uldivmod.o)
                0x00000000080001bc                __aeabi_uldivmod
 .text          0x00000000080001ec      0x2d4 /opt/st/stm32cubeide_1.10.1/plugins/com.st.stm32cube.ide.mcu.externaltools.gnu-tools-for-stm32.10.3-2021.10.linux64_1.0.0.202111181127/tools/bin/../lib/gcc/arm-none-eabi/10.3.1/thumb/v7-m/nofp/libgcc.a(_udivmoddi4.o)
                0x00000000080001ec                __udivmoddi4
 .text          0x00000000080004c0        0x4 /opt/st/stm32cubeide_1.10.1/plugins/com.st.stm32cube.ide.mcu.externaltools.gnu-tools-for-stm32.10.3-2021.10.linux64_1.0.0.202111181127/tools/bin/../lib/gcc/arm-none-eabi/10.3.1/thumb/v7-m/nofp/libgcc.a(_dvmd_tls.o)
                0x00000000080004c0                __aeabi_ldiv0
                0x00000000080004c0                __aeabi_idiv0
 *(.text*)
 .text.crc16_byte
                0x00000000080004c4       0x38 ./Core/Src/main.o
 .text.crc16    0x00000000080004fc       0x3a ./Core/Src/main.o
                0x00000000080004fc                crc16
 *fill*         0x0000000008000536        0x2 
 .text.main     0x0000000008000538      0x790 ./Core/Src/main.o
                0x0000000008000538                main
 .text.SystemClock_Config
                0x0000000008000cc8       0x9c ./Core/Src/main.o
                0x0000000008000cc8                SystemClock_Config
 .text.MX_ADC_Init
                0x0000000008000d64       0xd4 ./Core/Src/main.o
 .text.MX_USART1_UART_Init
                0x0000000008000e38       0x54 ./Core/Src/main.o
 .text.MX_USART3_UART_Init
                0x0000000008000e8c       0x54 ./Core/Src/main.o
 .text.MX_DMA_Init
                0x0000000008000ee0       0x5c ./Core/Src/main.o
 .text.MX_GPIO_Init
                0x0000000008000f3c       0x44 ./Core/Src/main.o
 .text.HAL_UART_RxCpltCallback
                0x0000000008000f80       0x64 ./Core/Src/main.o
                0x0000000008000f80                HAL_UART_RxCpltCallback
 .text.Error_Handler
                0x0000000008000fe4        0xa ./Core/Src/main.o
                0x0000000008000fe4                Error_Handler
 *fill*         0x0000000008000fee        0x2 
 .text.read_sram
                0x0000000008000ff0       0x30 ./Core/Src/sramplatform.o
                0x0000000008000ff0                read_sram
 .text.write_sram
                0x0000000008001020       0x30 ./Core/Src/sramplatform.o
                0x0000000008001020                write_sram
 .text.send_buffer
                0x0000000008001050       0x24 ./Core/Src/sramplatform.o
                0x0000000008001050                send_buffer
 .text.collect_bid
                0x0000000008001074       0xb4 ./Core/Src/sramplatform.o
                0x0000000008001074                collect_bid
 .text.parse_packet
                0x0000000008001128      0x15a ./Core/Src/sramplatform.o
                0x0000000008001128                parse_packet
 .text.send_packet
                0x0000000008001282       0x76 ./Core/Src/sramplatform.o
                0x0000000008001282                send_packet
 .text.make_crc
                0x00000000080012f8       0x40 ./Core/Src/sramplatform.o
                0x00000000080012f8                make_crc
 .text.HAL_MspInit
                0x0000000008001338       0x5c ./Core/Src/stm32l1xx_hal_msp.o
                0x0000000008001338                HAL_MspInit
 .text.HAL_ADC_MspInit
                0x0000000008001394       0xa4 ./Core/Src/stm32l1xx_hal_msp.o
                0x0000000008001394                HAL_ADC_MspInit
 .text.HAL_UART_MspInit
                0x0000000008001438      0x1bc ./Core/Src/stm32l1xx_hal_msp.o
                0x0000000008001438                HAL_UART_MspInit
 .text.NMI_Handler
                0x00000000080015f4        0x6 ./Core/Src/stm32l1xx_it.o
                0x00000000080015f4                NMI_Handler
 .text.HardFault_Handler
                0x00000000080015fa        0x6 ./Core/Src/stm32l1xx_it.o
                0x00000000080015fa                HardFault_Handler
 .text.MemManage_Handler
                0x0000000008001600        0x6 ./Core/Src/stm32l1xx_it.o
                0x0000000008001600                MemManage_Handler
 .text.BusFault_Handler
                0x0000000008001606        0x6 ./Core/Src/stm32l1xx_it.o
                0x0000000008001606                BusFault_Handler
 .text.UsageFault_Handler
                0x000000000800160c        0x6 ./Core/Src/stm32l1xx_it.o
                0x000000000800160c                UsageFault_Handler
 .text.SVC_Handler
                0x0000000008001612        0xc ./Core/Src/stm32l1xx_it.o
                0x0000000008001612                SVC_Handler
 .text.DebugMon_Handler
                0x000000000800161e        0xc ./Core/Src/stm32l1xx_it.o
                0x000000000800161e                DebugMon_Handler
 .text.PendSV_Handler
                0x000000000800162a        0xc ./Core/Src/stm32l1xx_it.o
                0x000000000800162a                PendSV_Handler
 .text.SysTick_Handler
                0x0000000008001636        0xc ./Core/Src/stm32l1xx_it.o
                0x0000000008001636                SysTick_Handler
 *fill*         0x0000000008001642        0x2 
 .text.DMA1_Channel1_IRQHandler
                0x0000000008001644       0x14 ./Core/Src/stm32l1xx_it.o
                0x0000000008001644                DMA1_Channel1_IRQHandler
 .text.DMA1_Channel3_IRQHandler
                0x0000000008001658       0x14 ./Core/Src/stm32l1xx_it.o
                0x0000000008001658                DMA1_Channel3_IRQHandler
 .text.DMA1_Channel5_IRQHandler
                0x000000000800166c       0x14 ./Core/Src/stm32l1xx_it.o
                0x000000000800166c                DMA1_Channel5_IRQHandler
 .text.ADC1_IRQHandler
                0x0000000008001680       0x14 ./Core/Src/stm32l1xx_it.o
                0x0000000008001680                ADC1_IRQHandler
 .text.USART1_IRQHandler
                0x0000000008001694       0x14 ./Core/Src/stm32l1xx_it.o
                0x0000000008001694                USART1_IRQHandler
 .text.USART3_IRQHandler
                0x00000000080016a8       0x14 ./Core/Src/stm32l1xx_it.o
                0x00000000080016a8                USART3_IRQHandler
 .text._sbrk    0x00000000080016bc       0x6c ./Core/Src/sysmem.o
                0x00000000080016bc                _sbrk
 .text.SystemInit
                0x0000000008001728        0xc ./Core/Src/system_stm32l1xx.o
                0x0000000008001728                SystemInit
 .text.zf_abort
                0x0000000008001734       0x18 ./Core/Src/zforth.o
                0x0000000008001734                zf_abort
 .text.zf_push  0x000000000800174c       0x2c ./Core/Src/zforth.o
                0x000000000800174c                zf_push
 .text.zf_pop   0x0000000008001778       0x30 ./Core/Src/zforth.o
                0x0000000008001778                zf_pop
 .text.zf_pick  0x00000000080017a8       0x2c ./Core/Src/zforth.o
                0x00000000080017a8                zf_pick
 .text.zf_pushr
                0x00000000080017d4       0x2c ./Core/Src/zforth.o
 .text.zf_popr  0x0000000008001800       0x30 ./Core/Src/zforth.o
 .text.zf_pickr
                0x0000000008001830       0x2c ./Core/Src/zforth.o
                0x0000000008001830                zf_pickr
 .text.dict_put_bytes
                0x000000000800185c       0x44 ./Core/Src/zforth.o
 .text.dict_get_bytes
                0x00000000080018a0       0x40 ./Core/Src/zforth.o
 .text.dict_put_cell_typed
                0x00000000080018e0      0x17c ./Core/Src/zforth.o
 .text.dict_get_cell_typed
                0x0000000008001a5c      0x15c ./Core/Src/zforth.o
 .text.dict_put_cell
                0x0000000008001bb8       0x1e ./Core/Src/zforth.o
 .text.dict_get_cell
                0x0000000008001bd6       0x1e ./Core/Src/zforth.o
 .text.dict_add_cell_typed
                0x0000000008001bf4       0x38 ./Core/Src/zforth.o
 .text.dict_add_cell
                0x0000000008001c2c       0x18 ./Core/Src/zforth.o
 .text.dict_add_op
                0x0000000008001c44       0x18 ./Core/Src/zforth.o
 .text.dict_add_lit
                0x0000000008001c5c       0x1c ./Core/Src/zforth.o
 .text.dict_add_str
                0x0000000008001c78       0x3c ./Core/Src/zforth.o
 .text.create   0x0000000008001cb4       0x50 ./Core/Src/zforth.o
 .text.find_word
                0x0000000008001d04       0xa4 ./Core/Src/zforth.o
 .text.make_immediate
                0x0000000008001da8       0x3c ./Core/Src/zforth.o
 .text.run      0x0000000008001de4       0x80 ./Core/Src/zforth.o
 .text.execute  0x0000000008001e64       0x30 ./Core/Src/zforth.o
 .text.peek     0x0000000008001e94       0x44 ./Core/Src/zforth.o
 .text.do_prim  0x0000000008001ed8      0x5d4 ./Core/Src/zforth.o
 .text.handle_word
                0x00000000080024ac       0xe0 ./Core/Src/zforth.o
 .text.handle_char
                0x000000000800258c       0x8c ./Core/Src/zforth.o
 .text.zf_init  0x0000000008002618       0x50 ./Core/Src/zforth.o
                0x0000000008002618                zf_init
 .text.add_prim
                0x0000000008002668       0x4a ./Core/Src/zforth.o
 .text.add_uservar
                0x00000000080026b2       0x28 ./Core/Src/zforth.o
 *fill*         0x00000000080026da        0x2 
 .text.zf_bootstrap
                0x00000000080026dc       0x7c ./Core/Src/zforth.o
                0x00000000080026dc                zf_bootstrap
 .text.zf_eval  0x0000000008002758       0x68 ./Core/Src/zforth.o
                0x0000000008002758                zf_eval
 .text.init_interpreter
                0x00000000080027c0       0x20 ./Core/Src/zforth.o
                0x00000000080027c0                init_interpreter
 .text.eval_cmd
                0x00000000080027e0       0x1c ./Core/Src/zforth.o
                0x00000000080027e0                eval_cmd
 .text.zf_host_parse_num
                0x00000000080027fc       0x48 ./Core/Src/zforth.o
                0x00000000080027fc                zf_host_parse_num
 .text.Reset_Handler
                0x0000000008002844       0x48 ./Core/Startup/startup_stm32l152retx.o
                0x0000000008002844                Reset_Handler
 .text.Default_Handler
                0x000000000800288c        0x2 ./Core/Startup/startup_stm32l152retx.o
                0x000000000800288c                RTC_Alarm_IRQHandler
                0x000000000800288c                EXTI2_IRQHandler
                0x000000000800288c                COMP_ACQ_IRQHandler
                0x000000000800288c                TIM10_IRQHandler
                0x000000000800288c                USB_HP_IRQHandler
                0x000000000800288c                TIM6_IRQHandler
                0x000000000800288c                PVD_IRQHandler
                0x000000000800288c                EXTI3_IRQHandler
                0x000000000800288c                EXTI0_IRQHandler
                0x000000000800288c                I2C2_EV_IRQHandler
                0x000000000800288c                SPI1_IRQHandler
                0x000000000800288c                USB_FS_WKUP_IRQHandler
                0x000000000800288c                DMA2_Channel2_IRQHandler
                0x000000000800288c                DMA1_Channel4_IRQHandler
                0x000000000800288c                DMA1_Channel7_IRQHandler
                0x000000000800288c                LCD_IRQHandler
                0x000000000800288c                UART5_IRQHandler
                0x000000000800288c                TIM4_IRQHandler
                0x000000000800288c                DMA2_Channel1_IRQHandler
                0x000000000800288c                I2C1_EV_IRQHandler
                0x000000000800288c                DMA1_Channel6_IRQHandler
                0x000000000800288c                UART4_IRQHandler
                0x000000000800288c                DMA2_Channel4_IRQHandler
                0x000000000800288c                TIM3_IRQHandler
                0x000000000800288c                RCC_IRQHandler
                0x000000000800288c                Default_Handler
                0x000000000800288c                EXTI15_10_IRQHandler
                0x000000000800288c                TIM7_IRQHandler
                0x000000000800288c                TIM5_IRQHandler
                0x000000000800288c                EXTI9_5_IRQHandler
                0x000000000800288c                TIM9_IRQHandler
                0x000000000800288c                TAMPER_STAMP_IRQHandler
                0x000000000800288c                RTC_WKUP_IRQHandler
                0x000000000800288c                SPI2_IRQHandler
                0x000000000800288c                DMA2_Channel5_IRQHandler
                0x000000000800288c                USB_LP_IRQHandler
                0x000000000800288c                EXTI4_IRQHandler
                0x000000000800288c                COMP_IRQHandler
                0x000000000800288c                WWDG_IRQHandler
                0x000000000800288c                TIM2_IRQHandler
                0x000000000800288c                DAC_IRQHandler
                0x000000000800288c                EXTI1_IRQHandler
                0x000000000800288c                TIM11_IRQHandler
                0x000000000800288c                USART2_IRQHandler
                0x000000000800288c                I2C2_ER_IRQHandler
                0x000000000800288c                DMA1_Channel2_IRQHandler
                0x000000000800288c                FLASH_IRQHandler
                0x000000000800288c                SPI3_IRQHandler
                0x000000000800288c                I2C1_ER_IRQHandler
                0x000000000800288c                DMA2_Channel3_IRQHandler
 .text.HAL_Init
                0x000000000800288e       0x30 ./Drivers/STM32L1xx_HAL_Driver/Src/stm32l1xx_hal.o
                0x000000000800288e                HAL_Init
 *fill*         0x00000000080028be        0x2 
 .text.HAL_InitTick
                0x00000000080028c0       0x74 ./Drivers/STM32L1xx_HAL_Driver/Src/stm32l1xx_hal.o
                0x00000000080028c0                HAL_InitTick
 .text.HAL_IncTick
                0x0000000008002934       0x24 ./Drivers/STM32L1xx_HAL_Driver/Src/stm32l1xx_hal.o
                0x0000000008002934                HAL_IncTick
 .text.HAL_GetTick
                0x0000000008002958       0x14 ./Drivers/STM32L1xx_HAL_Driver/Src/stm32l1xx_hal.o
                0x0000000008002958                HAL_GetTick
 .text.HAL_ADC_Init
                0x000000000800296c      0x28c ./Drivers/STM32L1xx_HAL_Driver/Src/stm32l1xx_hal_adc.o
                0x000000000800296c                HAL_ADC_Init
 .text.HAL_ADC_Start_DMA
                0x0000000008002bf8      0x11c ./Drivers/STM32L1xx_HAL_Driver/Src/stm32l1xx_hal_adc.o
                0x0000000008002bf8                HAL_ADC_Start_DMA
 .text.HAL_ADC_IRQHandler
                0x0000000008002d14      0x200 ./Drivers/STM32L1xx_HAL_Driver/Src/stm32l1xx_hal_adc.o
                0x0000000008002d14                HAL_ADC_IRQHandler
 .text.HAL_ADC_ConvCpltCallback
                0x0000000008002f14       0x12 ./Drivers/STM32L1xx_HAL_Driver/Src/stm32l1xx_hal_adc.o
                0x0000000008002f14                HAL_ADC_ConvCpltCallback
 .text.HAL_ADC_ConvHalfCpltCallback
                0x0000000008002f26       0x12 ./Drivers/STM32L1xx_HAL_Driver/Src/stm32l1xx_hal_adc.o
                0x0000000008002f26                HAL_ADC_ConvHalfCpltCallback
 .text.HAL_ADC_LevelOutOfWindowCallback
                0x0000000008002f38       0x12 ./Drivers/STM32L1xx_HAL_Driver/Src/stm32l1xx_hal_adc.o
                0x0000000008002f38                HAL_ADC_LevelOutOfWindowCallback
 .text.HAL_ADC_ErrorCallback
                0x0000000008002f4a       0x12 ./Drivers/STM32L1xx_HAL_Driver/Src/stm32l1xx_hal_adc.o
                0x0000000008002f4a                HAL_ADC_ErrorCallback
 .text.HAL_ADC_ConfigChannel
                0x0000000008002f5c      0x2d8 ./Drivers/STM32L1xx_HAL_Driver/Src/stm32l1xx_hal_adc.o
                0x0000000008002f5c                HAL_ADC_ConfigChannel
 .text.ADC_Enable
                0x0000000008003234       0xb8 ./Drivers/STM32L1xx_HAL_Driver/Src/stm32l1xx_hal_adc.o
                0x0000000008003234                ADC_Enable
 .text.ADC_DMAConvCplt
                0x00000000080032ec       0xa8 ./Drivers/STM32L1xx_HAL_Driver/Src/stm32l1xx_hal_adc.o
 .text.ADC_DMAHalfConvCplt
                0x0000000008003394       0x1c ./Drivers/STM32L1xx_HAL_Driver/Src/stm32l1xx_hal_adc.o
 .text.ADC_DMAError
                0x00000000080033b0       0x34 ./Drivers/STM32L1xx_HAL_Driver/Src/stm32l1xx_hal_adc.o
 .text.HAL_ADCEx_InjectedConvCpltCallback
                0x00000000080033e4       0x12 ./Drivers/STM32L1xx_HAL_Driver/Src/stm32l1xx_hal_adc_ex.o
                0x00000000080033e4                HAL_ADCEx_InjectedConvCpltCallback
 *fill*         0x00000000080033f6        0x2 
 .text.__NVIC_SetPriorityGrouping
                0x00000000080033f8       0x48 ./Drivers/STM32L1xx_HAL_Driver/Src/stm32l1xx_hal_cortex.o
 .text.__NVIC_GetPriorityGrouping
                0x0000000008003440       0x1c ./Drivers/STM32L1xx_HAL_Driver/Src/stm32l1xx_hal_cortex.o
 .text.__NVIC_EnableIRQ
                0x000000000800345c       0x38 ./Drivers/STM32L1xx_HAL_Driver/Src/stm32l1xx_hal_cortex.o
 .text.__NVIC_SetPriority
                0x0000000008003494       0x54 ./Drivers/STM32L1xx_HAL_Driver/Src/stm32l1xx_hal_cortex.o
 .text.NVIC_EncodePriority
                0x00000000080034e8       0x64 ./Drivers/STM32L1xx_HAL_Driver/Src/stm32l1xx_hal_cortex.o
 .text.SysTick_Config
                0x000000000800354c       0x44 ./Drivers/STM32L1xx_HAL_Driver/Src/stm32l1xx_hal_cortex.o
 .text.HAL_NVIC_SetPriorityGrouping
                0x0000000008003590       0x16 ./Drivers/STM32L1xx_HAL_Driver/Src/stm32l1xx_hal_cortex.o
                0x0000000008003590                HAL_NVIC_SetPriorityGrouping
 .text.HAL_NVIC_SetPriority
                0x00000000080035a6       0x38 ./Drivers/STM32L1xx_HAL_Driver/Src/stm32l1xx_hal_cortex.o
                0x00000000080035a6                HAL_NVIC_SetPriority
 .text.HAL_NVIC_EnableIRQ
                0x00000000080035de       0x1c ./Drivers/STM32L1xx_HAL_Driver/Src/stm32l1xx_hal_cortex.o
                0x00000000080035de                HAL_NVIC_EnableIRQ
 .text.HAL_SYSTICK_Config
                0x00000000080035fa       0x18 ./Drivers/STM32L1xx_HAL_Driver/Src/stm32l1xx_hal_cortex.o
                0x00000000080035fa                HAL_SYSTICK_Config
 *fill*         0x0000000008003612        0x2 
 .text.HAL_DMA_Init
                0x0000000008003614       0xe8 ./Drivers/STM32L1xx_HAL_Driver/Src/stm32l1xx_hal_dma.o
                0x0000000008003614                HAL_DMA_Init
 .text.HAL_DMA_Start_IT
                0x00000000080036fc       0xc0 ./Drivers/STM32L1xx_HAL_Driver/Src/stm32l1xx_hal_dma.o
                0x00000000080036fc                HAL_DMA_Start_IT
 .text.HAL_DMA_Abort
                0x00000000080037bc       0x7a ./Drivers/STM32L1xx_HAL_Driver/Src/stm32l1xx_hal_dma.o
                0x00000000080037bc                HAL_DMA_Abort
 .text.HAL_DMA_Abort_IT
                0x0000000008003836       0x82 ./Drivers/STM32L1xx_HAL_Driver/Src/stm32l1xx_hal_dma.o
                0x0000000008003836                HAL_DMA_Abort_IT
 .text.HAL_DMA_IRQHandler
                0x00000000080038b8      0x15e ./Drivers/STM32L1xx_HAL_Driver/Src/stm32l1xx_hal_dma.o
                0x00000000080038b8                HAL_DMA_IRQHandler
 .text.DMA_SetConfig
                0x0000000008003a16       0x5e ./Drivers/STM32L1xx_HAL_Driver/Src/stm32l1xx_hal_dma.o
 .text.HAL_GPIO_Init
                0x0000000008003a74      0x320 ./Drivers/STM32L1xx_HAL_Driver/Src/stm32l1xx_hal_gpio.o
                0x0000000008003a74                HAL_GPIO_Init
 .text.HAL_RCC_OscConfig
                0x0000000008003d94      0x660 ./Drivers/STM32L1xx_HAL_Driver/Src/stm32l1xx_hal_rcc.o
                0x0000000008003d94                HAL_RCC_OscConfig
 .text.HAL_RCC_ClockConfig
                0x00000000080043f4      0x268 ./Drivers/STM32L1xx_HAL_Driver/Src/stm32l1xx_hal_rcc.o
                0x00000000080043f4                HAL_RCC_ClockConfig
 .text.HAL_RCC_GetSysClockFreq
                0x000000000800465c      0x17c ./Drivers/STM32L1xx_HAL_Driver/Src/stm32l1xx_hal_rcc.o
                0x000000000800465c                HAL_RCC_GetSysClockFreq
 .text.HAL_RCC_GetHCLKFreq
                0x00000000080047d8       0x14 ./Drivers/STM32L1xx_HAL_Driver/Src/stm32l1xx_hal_rcc.o
                0x00000000080047d8                HAL_RCC_GetHCLKFreq
 .text.HAL_RCC_GetPCLK1Freq
                0x00000000080047ec       0x28 ./Drivers/STM32L1xx_HAL_Driver/Src/stm32l1xx_hal_rcc.o
                0x00000000080047ec                HAL_RCC_GetPCLK1Freq
 .text.HAL_RCC_GetPCLK2Freq
                0x0000000008004814       0x28 ./Drivers/STM32L1xx_HAL_Driver/Src/stm32l1xx_hal_rcc.o
                0x0000000008004814                HAL_RCC_GetPCLK2Freq
 .text.RCC_SetFlashLatencyFromMSIRange
                0x000000000800483c       0xc0 ./Drivers/STM32L1xx_HAL_Driver/Src/stm32l1xx_hal_rcc.o
 .text.HAL_UART_Init
                0x00000000080048fc       0x9a ./Drivers/STM32L1xx_HAL_Driver/Src/stm32l1xx_hal_uart.o
                0x00000000080048fc                HAL_UART_Init
 .text.HAL_UART_Transmit
                0x0000000008004996      0x124 ./Drivers/STM32L1xx_HAL_Driver/Src/stm32l1xx_hal_uart.o
                0x0000000008004996                HAL_UART_Transmit
 .text.HAL_UART_Receive_DMA
                0x0000000008004aba       0x60 ./Drivers/STM32L1xx_HAL_Driver/Src/stm32l1xx_hal_uart.o
                0x0000000008004aba                HAL_UART_Receive_DMA
 *fill*         0x0000000008004b1a        0x2 
 .text.HAL_UART_IRQHandler
                0x0000000008004b1c      0x354 ./Drivers/STM32L1xx_HAL_Driver/Src/stm32l1xx_hal_uart.o
                0x0000000008004b1c                HAL_UART_IRQHandler
 .text.HAL_UART_TxCpltCallback
                0x0000000008004e70       0x12 ./Drivers/STM32L1xx_HAL_Driver/Src/stm32l1xx_hal_uart.o
                0x0000000008004e70                HAL_UART_TxCpltCallback
 .text.HAL_UART_RxHalfCpltCallback
                0x0000000008004e82       0x12 ./Drivers/STM32L1xx_HAL_Driver/Src/stm32l1xx_hal_uart.o
                0x0000000008004e82                HAL_UART_RxHalfCpltCallback
 .text.HAL_UART_ErrorCallback
                0x0000000008004e94       0x12 ./Drivers/STM32L1xx_HAL_Driver/Src/stm32l1xx_hal_uart.o
                0x0000000008004e94                HAL_UART_ErrorCallback
 .text.HAL_UARTEx_RxEventCallback
                0x0000000008004ea6       0x16 ./Drivers/STM32L1xx_HAL_Driver/Src/stm32l1xx_hal_uart.o
                0x0000000008004ea6                HAL_UARTEx_RxEventCallback
 .text.UART_DMAReceiveCplt
                0x0000000008004ebc       0x96 ./Drivers/STM32L1xx_HAL_Driver/Src/stm32l1xx_hal_uart.o
 .text.UART_DMARxHalfCplt
                0x0000000008004f52       0x36 ./Drivers/STM32L1xx_HAL_Driver/Src/stm32l1xx_hal_uart.o
 .text.UART_DMAError
                0x0000000008004f88       0x94 ./Drivers/STM32L1xx_HAL_Driver/Src/stm32l1xx_hal_uart.o
 .text.UART_WaitOnFlagUntilTimeout
                0x000000000800501c       0x94 ./Drivers/STM32L1xx_HAL_Driver/Src/stm32l1xx_hal_uart.o
 .text.UART_Start_Receive_DMA
                0x00000000080050b0       0xc8 ./Drivers/STM32L1xx_HAL_Driver/Src/stm32l1xx_hal_uart.o
                0x00000000080050b0                UART_Start_Receive_DMA
 .text.UART_EndTxTransfer
                0x0000000008005178       0x2a ./Drivers/STM32L1xx_HAL_Driver/Src/stm32l1xx_hal_uart.o
 .text.UART_EndRxTransfer
                0x00000000080051a2       0x58 ./Drivers/STM32L1xx_HAL_Driver/Src/stm32l1xx_hal_uart.o
 .text.UART_DMAAbortOnError
                0x00000000080051fa       0x28 ./Drivers/STM32L1xx_HAL_Driver/Src/stm32l1xx_hal_uart.o
 .text.UART_Transmit_IT
                0x0000000008005222       0x9e ./Drivers/STM32L1xx_HAL_Driver/Src/stm32l1xx_hal_uart.o
 .text.UART_EndTransmit_IT
                0x00000000080052c0       0x30 ./Drivers/STM32L1xx_HAL_Driver/Src/stm32l1xx_hal_uart.o
 .text.UART_Receive_IT
                0x00000000080052f0      0x152 ./Drivers/STM32L1xx_HAL_Driver/Src/stm32l1xx_hal_uart.o
 *fill*         0x0000000008005442        0x2 
 .text.UART_SetConfig
                0x0000000008005444      0x1c8 ./Drivers/STM32L1xx_HAL_Driver/Src/stm32l1xx_hal_uart.o
 .text.__errno  0x000000000800560c        0xc /opt/st/stm32cubeide_1.10.1/plugins/com.st.stm32cube.ide.mcu.externaltools.gnu-tools-for-stm32.10.3-2021.10.linux64_1.0.0.202111181127/tools/bin/../lib/gcc/arm-none-eabi/10.3.1/../../../../arm-none-eabi/lib/thumb/v7-m/nofp/libc_nano.a(lib_a-errno.o)
                0x000000000800560c                __errno
 .text.__libc_init_array
                0x0000000008005618       0x48 /opt/st/stm32cubeide_1.10.1/plugins/com.st.stm32cube.ide.mcu.externaltools.gnu-tools-for-stm32.10.3-2021.10.linux64_1.0.0.202111181127/tools/bin/../lib/gcc/arm-none-eabi/10.3.1/../../../../arm-none-eabi/lib/thumb/v7-m/nofp/libc_nano.a(lib_a-init.o)
                0x0000000008005618                __libc_init_array
 .text.memcmp   0x0000000008005660       0x20 /opt/st/stm32cubeide_1.10.1/plugins/com.st.stm32cube.ide.mcu.externaltools.gnu-tools-for-stm32.10.3-2021.10.linux64_1.0.0.202111181127/tools/bin/../lib/gcc/arm-none-eabi/10.3.1/../../../../arm-none-eabi/lib/thumb/v7-m/nofp/libc_nano.a(lib_a-memcmp.o)
                0x0000000008005660                memcmp
 .text.memcpy   0x0000000008005680       0x1c /opt/st/stm32cubeide_1.10.1/plugins/com.st.stm32cube.ide.mcu.externaltools.gnu-tools-for-stm32.10.3-2021.10.linux64_1.0.0.202111181127/tools/bin/../lib/gcc/arm-none-eabi/10.3.1/../../../../arm-none-eabi/lib/thumb/v7-m/nofp/libc_nano.a(lib_a-memcpy-stub.o)
                0x0000000008005680                memcpy
 .text.memset   0x000000000800569c       0x10 /opt/st/stm32cubeide_1.10.1/plugins/com.st.stm32cube.ide.mcu.externaltools.gnu-tools-for-stm32.10.3-2021.10.linux64_1.0.0.202111181127/tools/bin/../lib/gcc/arm-none-eabi/10.3.1/../../../../arm-none-eabi/lib/thumb/v7-m/nofp/libc_nano.a(lib_a-memset.o)
                0x000000000800569c                memset
 .text.snprintf
                0x00000000080056ac       0x68 /opt/st/stm32cubeide_1.10.1/plugins/com.st.stm32cube.ide.mcu.externaltools.gnu-tools-for-stm32.10.3-2021.10.linux64_1.0.0.202111181127/tools/bin/../lib/gcc/arm-none-eabi/10.3.1/../../../../arm-none-eabi/lib/thumb/v7-m/nofp/libc_nano.a(lib_a-snprintf.o)
                0x00000000080056ac                snprintf
                0x00000000080056ac                sniprintf
 .text.sscanf   0x0000000008005714       0x54 /opt/st/stm32cubeide_1.10.1/plugins/com.st.stm32cube.ide.mcu.externaltools.gnu-tools-for-stm32.10.3-2021.10.linux64_1.0.0.202111181127/tools/bin/../lib/gcc/arm-none-eabi/10.3.1/../../../../arm-none-eabi/lib/thumb/v7-m/nofp/libc_nano.a(lib_a-sscanf.o)
                0x0000000008005714                sscanf
                0x0000000008005714                siscanf
 .text.__seofread
                0x0000000008005768        0x4 /opt/st/stm32cubeide_1.10.1/plugins/com.st.stm32cube.ide.mcu.externaltools.gnu-tools-for-stm32.10.3-2021.10.linux64_1.0.0.202111181127/tools/bin/../lib/gcc/arm-none-eabi/10.3.1/../../../../arm-none-eabi/lib/thumb/v7-m/nofp/libc_nano.a(lib_a-stdio.o)
                0x0000000008005768                __seofread
 .text.strcpy   0x000000000800576c       0x10 /opt/st/stm32cubeide_1.10.1/plugins/com.st.stm32cube.ide.mcu.externaltools.gnu-tools-for-stm32.10.3-2021.10.linux64_1.0.0.202111181127/tools/bin/../lib/gcc/arm-none-eabi/10.3.1/../../../../arm-none-eabi/lib/thumb/v7-m/nofp/libc_nano.a(lib_a-strcpy.o)
                0x000000000800576c                strcpy
 .text.__ssputs_r
                0x000000000800577c       0xb6 /opt/st/stm32cubeide_1.10.1/plugins/com.st.stm32cube.ide.mcu.externaltools.gnu-tools-for-stm32.10.3-2021.10.linux64_1.0.0.202111181127/tools/bin/../lib/gcc/arm-none-eabi/10.3.1/../../../../arm-none-eabi/lib/thumb/v7-m/nofp/libc_nano.a(lib_a-nano-svfprintf.o)
                0x000000000800577c                __ssputs_r
 *fill*         0x0000000008005832        0x2 
 .text._svfprintf_r
                0x0000000008005834      0x200 /opt/st/stm32cubeide_1.10.1/plugins/com.st.stm32cube.ide.mcu.externaltools.gnu-tools-for-stm32.10.3-2021.10.linux64_1.0.0.202111181127/tools/bin/../lib/gcc/arm-none-eabi/10.3.1/../../../../arm-none-eabi/lib/thumb/v7-m/nofp/libc_nano.a(lib_a-nano-svfprintf.o)
                0x0000000008005834                _svfprintf_r
                0x0000000008005834                _svfiprintf_r
 .text._sungetc_r
                0x0000000008005a34       0x7a /opt/st/stm32cubeide_1.10.1/plugins/com.st.stm32cube.ide.mcu.externaltools.gnu-tools-for-stm32.10.3-2021.10.linux64_1.0.0.202111181127/tools/bin/../lib/gcc/arm-none-eabi/10.3.1/../../../../arm-none-eabi/lib/thumb/v7-m/nofp/libc_nano.a(lib_a-nano-svfscanf.o)
                0x0000000008005a34                _sungetc_r
 .text.__ssrefill_r
                0x0000000008005aae       0x3a /opt/st/stm32cubeide_1.10.1/plugins/com.st.stm32cube.ide.mcu.externaltools.gnu-tools-for-stm32.10.3-2021.10.linux64_1.0.0.202111181127/tools/bin/../lib/gcc/arm-none-eabi/10.3.1/../../../../arm-none-eabi/lib/thumb/v7-m/nofp/libc_nano.a(lib_a-nano-svfscanf.o)
                0x0000000008005aae                __ssrefill_r
 .text.__ssvfscanf_r
                0x0000000008005ae8      0x2f4 /opt/st/stm32cubeide_1.10.1/plugins/com.st.stm32cube.ide.mcu.externaltools.gnu-tools-for-stm32.10.3-2021.10.linux64_1.0.0.202111181127/tools/bin/../lib/gcc/arm-none-eabi/10.3.1/../../../../arm-none-eabi/lib/thumb/v7-m/nofp/libc_nano.a(lib_a-nano-svfscanf.o)
                0x0000000008005ae8                __ssvfscanf_r
                0x0000000008005ae8                __ssvfiscanf_r
 .text._printf_common
                0x0000000008005ddc       0xde /opt/st/stm32cubeide_1.10.1/plugins/com.st.stm32cube.ide.mcu.externaltools.gnu-tools-for-stm32.10.3-2021.10.linux64_1.0.0.202111181127/tools/bin/../lib/gcc/arm-none-eabi/10.3.1/../../../../arm-none-eabi/lib/thumb/v7-m/nofp/libc_nano.a(lib_a-nano-vfprintf_i.o)
                0x0000000008005ddc                _printf_common
 *fill*         0x0000000008005eba        0x2 
 .text._printf_i
                0x0000000008005ebc      0x24c /opt/st/stm32cubeide_1.10.1/plugins/com.st.stm32cube.ide.mcu.externaltools.gnu-tools-for-stm32.10.3-2021.10.linux64_1.0.0.202111181127/tools/bin/../lib/gcc/arm-none-eabi/10.3.1/../../../../arm-none-eabi/lib/thumb/v7-m/nofp/libc_nano.a(lib_a-nano-vfprintf_i.o)
                0x0000000008005ebc                _printf_i
 .text._scanf_chars
                0x0000000008006108       0xb4 /opt/st/stm32cubeide_1.10.1/plugins/com.st.stm32cube.ide.mcu.externaltools.gnu-tools-for-stm32.10.3-2021.10.linux64_1.0.0.202111181127/tools/bin/../lib/gcc/arm-none-eabi/10.3.1/../../../../arm-none-eabi/lib/thumb/v7-m/nofp/libc_nano.a(lib_a-nano-vfscanf_i.o)
                0x0000000008006108                _scanf_chars
 .text._scanf_i
                0x00000000080061bc      0x1f0 /opt/st/stm32cubeide_1.10.1/plugins/com.st.stm32cube.ide.mcu.externaltools.gnu-tools-for-stm32.10.3-2021.10.linux64_1.0.0.202111181127/tools/bin/../lib/gcc/arm-none-eabi/10.3.1/../../../../arm-none-eabi/lib/thumb/v7-m/nofp/libc_nano.a(lib_a-nano-vfscanf_i.o)
                0x00000000080061bc                _scanf_i
 .text.__sccl   0x00000000080063ac       0x70 /opt/st/stm32cubeide_1.10.1/plugins/com.st.stm32cube.ide.mcu.externaltools.gnu-tools-for-stm32.10.3-2021.10.linux64_1.0.0.202111181127/tools/bin/../lib/gcc/arm-none-eabi/10.3.1/../../../../arm-none-eabi/lib/thumb/v7-m/nofp/libc_nano.a(lib_a-sccl.o)
                0x00000000080063ac                __sccl
 .text._strtol_l.constprop.0
                0x000000000800641c       0xf8 /opt/st/stm32cubeide_1.10.1/plugins/com.st.stm32cube.ide.mcu.externaltools.gnu-tools-for-stm32.10.3-2021.10.linux64_1.0.0.202111181127/tools/bin/../lib/gcc/arm-none-eabi/10.3.1/../../../../arm-none-eabi/lib/thumb/v7-m/nofp/libc_nano.a(lib_a-strtol.o)
 .text._strtol_r
                0x0000000008006514        0x4 /opt/st/stm32cubeide_1.10.1/plugins/com.st.stm32cube.ide.mcu.externaltools.gnu-tools-for-stm32.10.3-2021.10.linux64_1.0.0.202111181127/tools/bin/../lib/gcc/arm-none-eabi/10.3.1/../../../../arm-none-eabi/lib/thumb/v7-m/nofp/libc_nano.a(lib_a-strtol.o)
                0x0000000008006514                _strtol_r
 .text._strtoul_l.constprop.0
                0x0000000008006518       0xe4 /opt/st/stm32cubeide_1.10.1/plugins/com.st.stm32cube.ide.mcu.externaltools.gnu-tools-for-stm32.10.3-2021.10.linux64_1.0.0.202111181127/tools/bin/../lib/gcc/arm-none-eabi/10.3.1/../../../../arm-none-eabi/lib/thumb/v7-m/nofp/libc_nano.a(lib_a-strtoul.o)
 .text._strtoul_r
                0x00000000080065fc        0x4 /opt/st/stm32cubeide_1.10.1/plugins/com.st.stm32cube.ide.mcu.externaltools.gnu-tools-for-stm32.10.3-2021.10.linux64_1.0.0.202111181127/tools/bin/../lib/gcc/arm-none-eabi/10.3.1/../../../../arm-none-eabi/lib/thumb/v7-m/nofp/libc_nano.a(lib_a-strtoul.o)
                0x00000000080065fc                _strtoul_r
 .text.__submore
                0x0000000008006600       0x70 /opt/st/stm32cubeide_1.10.1/plugins/com.st.stm32cube.ide.mcu.externaltools.gnu-tools-for-stm32.10.3-2021.10.linux64_1.0.0.202111181127/tools/bin/../lib/gcc/arm-none-eabi/10.3.1/../../../../arm-none-eabi/lib/thumb/v7-m/nofp/libc_nano.a(lib_a-ungetc.o)
                0x0000000008006600                __submore
 .text.__retarget_lock_acquire_recursive
                0x0000000008006670        0x2 /opt/st/stm32cubeide_1.10.1/plugins/com.st.stm32cube.ide.mcu.externaltools.gnu-tools-for-stm32.10.3-2021.10.linux64_1.0.0.202111181127/tools/bin/../lib/gcc/arm-none-eabi/10.3.1/../../../../arm-none-eabi/lib/thumb/v7-m/nofp/libc_nano.a(lib_a-lock.o)
                0x0000000008006670                __retarget_lock_acquire_recursive
 .text.__retarget_lock_release_recursive
                0x0000000008006672        0x2 /opt/st/stm32cubeide_1.10.1/plugins/com.st.stm32cube.ide.mcu.externaltools.gnu-tools-for-stm32.10.3-2021.10.linux64_1.0.0.202111181127/tools/bin/../lib/gcc/arm-none-eabi/10.3.1/../../../../arm-none-eabi/lib/thumb/v7-m/nofp/libc_nano.a(lib_a-lock.o)
                0x0000000008006672                __retarget_lock_release_recursive
 .text.memchr   0x0000000008006674       0x1c /opt/st/stm32cubeide_1.10.1/plugins/com.st.stm32cube.ide.mcu.externaltools.gnu-tools-for-stm32.10.3-2021.10.linux64_1.0.0.202111181127/tools/bin/../lib/gcc/arm-none-eabi/10.3.1/../../../../arm-none-eabi/lib/thumb/v7-m/nofp/libc_nano.a(lib_a-memchr-stub.o)
                0x0000000008006674                memchr
 .text.memmove  0x0000000008006690       0x34 /opt/st/stm32cubeide_1.10.1/plugins/com.st.stm32cube.ide.mcu.externaltools.gnu-tools-for-stm32.10.3-2021.10.linux64_1.0.0.202111181127/tools/bin/../lib/gcc/arm-none-eabi/10.3.1/../../../../arm-none-eabi/lib/thumb/v7-m/nofp/libc_nano.a(lib_a-memmove.o)
                0x0000000008006690                memmove
 .text._free_r  0x00000000080066c4       0x90 /opt/st/stm32cubeide_1.10.1/plugins/com.st.stm32cube.ide.mcu.externaltools.gnu-tools-for-stm32.10.3-2021.10.linux64_1.0.0.202111181127/tools/bin/../lib/gcc/arm-none-eabi/10.3.1/../../../../arm-none-eabi/lib/thumb/v7-m/nofp/libc_nano.a(lib_a-nano-freer.o)
                0x00000000080066c4                _free_r
 .text.sbrk_aligned
                0x0000000008006754       0x40 /opt/st/stm32cubeide_1.10.1/plugins/com.st.stm32cube.ide.mcu.externaltools.gnu-tools-for-stm32.10.3-2021.10.linux64_1.0.0.202111181127/tools/bin/../lib/gcc/arm-none-eabi/10.3.1/../../../../arm-none-eabi/lib/thumb/v7-m/nofp/libc_nano.a(lib_a-nano-mallocr.o)
 .text._malloc_r
                0x0000000008006794       0xe8 /opt/st/stm32cubeide_1.10.1/plugins/com.st.stm32cube.ide.mcu.externaltools.gnu-tools-for-stm32.10.3-2021.10.linux64_1.0.0.202111181127/tools/bin/../lib/gcc/arm-none-eabi/10.3.1/../../../../arm-none-eabi/lib/thumb/v7-m/nofp/libc_nano.a(lib_a-nano-mallocr.o)
                0x0000000008006794                _malloc_r
 .text._realloc_r
                0x000000000800687c       0x5e /opt/st/stm32cubeide_1.10.1/plugins/com.st.stm32cube.ide.mcu.externaltools.gnu-tools-for-stm32.10.3-2021.10.linux64_1.0.0.202111181127/tools/bin/../lib/gcc/arm-none-eabi/10.3.1/../../../../arm-none-eabi/lib/thumb/v7-m/nofp/libc_nano.a(lib_a-nano-reallocr.o)
                0x000000000800687c                _realloc_r
 *fill*         0x00000000080068da        0x2 
 .text._sbrk_r  0x00000000080068dc       0x20 /opt/st/stm32cubeide_1.10.1/plugins/com.st.stm32cube.ide.mcu.externaltools.gnu-tools-for-stm32.10.3-2021.10.linux64_1.0.0.202111181127/tools/bin/../lib/gcc/arm-none-eabi/10.3.1/../../../../arm-none-eabi/lib/thumb/v7-m/nofp/libc_nano.a(lib_a-sbrkr.o)
                0x00000000080068dc                _sbrk_r
 .text.__malloc_lock
                0x00000000080068fc        0xc /opt/st/stm32cubeide_1.10.1/plugins/com.st.stm32cube.ide.mcu.externaltools.gnu-tools-for-stm32.10.3-2021.10.linux64_1.0.0.202111181127/tools/bin/../lib/gcc/arm-none-eabi/10.3.1/../../../../arm-none-eabi/lib/thumb/v7-m/nofp/libc_nano.a(lib_a-mlock.o)
                0x00000000080068fc                __malloc_lock
 .text.__malloc_unlock
                0x0000000008006908        0xc /opt/st/stm32cubeide_1.10.1/plugins/com.st.stm32cube.ide.mcu.externaltools.gnu-tools-for-stm32.10.3-2021.10.linux64_1.0.0.202111181127/tools/bin/../lib/gcc/arm-none-eabi/10.3.1/../../../../arm-none-eabi/lib/thumb/v7-m/nofp/libc_nano.a(lib_a-mlock.o)
                0x0000000008006908                __malloc_unlock
 .text._malloc_usable_size_r
                0x0000000008006914       0x10 /opt/st/stm32cubeide_1.10.1/plugins/com.st.stm32cube.ide.mcu.externaltools.gnu-tools-for-stm32.10.3-2021.10.linux64_1.0.0.202111181127/tools/bin/../lib/gcc/arm-none-eabi/10.3.1/../../../../arm-none-eabi/lib/thumb/v7-m/nofp/libc_nano.a(lib_a-nano-msizer.o)
                0x0000000008006914                _malloc_usable_size_r
 *(.glue_7)
 .glue_7        0x0000000008006924        0x0 linker stubs
 *(.glue_7t)
 .glue_7t       0x0000000008006924        0x0 linker stubs
 *(.eh_frame)
 .eh_frame      0x0000000008006924        0x0 /opt/st/stm32cubeide_1.10.1/plugins/com.st.stm32cube.ide.mcu.externaltools.gnu-tools-for-stm32.10.3-2021.10.linux64_1.0.0.202111181127/tools/bin/../lib/gcc/arm-none-eabi/10.3.1/thumb/v7-m/nofp/crtbegin.o
 *(.init)
 .init          0x0000000008006924        0x4 /opt/st/stm32cubeide_1.10.1/plugins/com.st.stm32cube.ide.mcu.externaltools.gnu-tools-for-stm32.10.3-2021.10.linux64_1.0.0.202111181127/tools/bin/../lib/gcc/arm-none-eabi/10.3.1/thumb/v7-m/nofp/crti.o
                0x0000000008006924                _init
 .init          0x0000000008006928        0x8 /opt/st/stm32cubeide_1.10.1/plugins/com.st.stm32cube.ide.mcu.externaltools.gnu-tools-for-stm32.10.3-2021.10.linux64_1.0.0.202111181127/tools/bin/../lib/gcc/arm-none-eabi/10.3.1/thumb/v7-m/nofp/crtn.o
 *(.fini)
 .fini          0x0000000008006930        0x4 /opt/st/stm32cubeide_1.10.1/plugins/com.st.stm32cube.ide.mcu.externaltools.gnu-tools-for-stm32.10.3-2021.10.linux64_1.0.0.202111181127/tools/bin/../lib/gcc/arm-none-eabi/10.3.1/thumb/v7-m/nofp/crti.o
                0x0000000008006930                _fini
 .fini          0x0000000008006934        0x8 /opt/st/stm32cubeide_1.10.1/plugins/com.st.stm32cube.ide.mcu.externaltools.gnu-tools-for-stm32.10.3-2021.10.linux64_1.0.0.202111181127/tools/bin/../lib/gcc/arm-none-eabi/10.3.1/thumb/v7-m/nofp/crtn.o
                0x000000000800693c                . = ALIGN (0x4)
                0x000000000800693c                _etext = .

.vfp11_veneer   0x000000000800693c        0x0
 .vfp11_veneer  0x000000000800693c        0x0 linker stubs

.v4_bx          0x000000000800693c        0x0
 .v4_bx         0x000000000800693c        0x0 linker stubs

.iplt           0x000000000800693c        0x0
 .iplt          0x000000000800693c        0x0 /opt/st/stm32cubeide_1.10.1/plugins/com.st.stm32cube.ide.mcu.externaltools.gnu-tools-for-stm32.10.3-2021.10.linux64_1.0.0.202111181127/tools/bin/../lib/gcc/arm-none-eabi/10.3.1/thumb/v7-m/nofp/crtbegin.o

.rodata         0x000000000800693c      0xa38
                0x000000000800693c                . = ALIGN (0x4)
 *(.rodata)
 .rodata        0x000000000800693c        0xd ./Core/Src/sramplatform.o
 *fill*         0x0000000008006949        0x3 
 .rodata        0x000000000800694c      0x592 ./Core/Src/zforth.o
 *fill*         0x0000000008006ede        0x2 
 .rodata        0x0000000008006ee0        0xc /opt/st/stm32cubeide_1.10.1/plugins/com.st.stm32cube.ide.mcu.externaltools.gnu-tools-for-stm32.10.3-2021.10.linux64_1.0.0.202111181127/tools/bin/../lib/gcc/arm-none-eabi/10.3.1/../../../../arm-none-eabi/lib/thumb/v7-m/nofp/libc_nano.a(lib_a-nano-vfscanf_i.o)
 *(.rodata*)
 .rodata.crc16_table
                0x0000000008006eec      0x200 ./Core/Src/main.o
 .rodata.PLLMulTable
                0x00000000080070ec        0x9 ./Core/Src/system_stm32l1xx.o
                0x00000000080070ec                PLLMulTable
 *fill*         0x00000000080070f5        0x3 
 .rodata.AHBPrescTable
                0x00000000080070f8       0x10 ./Core/Src/system_stm32l1xx.o
                0x00000000080070f8                AHBPrescTable
 .rodata.APBPrescTable
                0x0000000008007108        0x8 ./Core/Src/system_stm32l1xx.o
                0x0000000008007108                APBPrescTable
 .rodata.prim_names
                0x0000000008007110       0x8d ./Core/Src/zforth.o
 *fill*         0x000000000800719d        0x3 
 .rodata.uservar_names
                0x00000000080071a0       0x24 ./Core/Src/zforth.o
 .rodata._ctype_
                0x00000000080071c4      0x101 /opt/st/stm32cubeide_1.10.1/plugins/com.st.stm32cube.ide.mcu.externaltools.gnu-tools-for-stm32.10.3-2021.10.linux64_1.0.0.202111181127/tools/bin/../lib/gcc/arm-none-eabi/10.3.1/../../../../arm-none-eabi/lib/thumb/v7-m/nofp/libc_nano.a(lib_a-ctype_.o)
                0x00000000080071c4                _ctype_
 .rodata._svfprintf_r.str1.1
                0x00000000080072c5       0x11 /opt/st/stm32cubeide_1.10.1/plugins/com.st.stm32cube.ide.mcu.externaltools.gnu-tools-for-stm32.10.3-2021.10.linux64_1.0.0.202111181127/tools/bin/../lib/gcc/arm-none-eabi/10.3.1/../../../../arm-none-eabi/lib/thumb/v7-m/nofp/libc_nano.a(lib_a-nano-svfprintf.o)
 .rodata.__ssvfscanf_r.str1.1
                0x00000000080072d6        0x4 /opt/st/stm32cubeide_1.10.1/plugins/com.st.stm32cube.ide.mcu.externaltools.gnu-tools-for-stm32.10.3-2021.10.linux64_1.0.0.202111181127/tools/bin/../lib/gcc/arm-none-eabi/10.3.1/../../../../arm-none-eabi/lib/thumb/v7-m/nofp/libc_nano.a(lib_a-nano-svfscanf.o)
 .rodata._printf_i.str1.1
                0x00000000080072d6       0x22 /opt/st/stm32cubeide_1.10.1/plugins/com.st.stm32cube.ide.mcu.externaltools.gnu-tools-for-stm32.10.3-2021.10.linux64_1.0.0.202111181127/tools/bin/../lib/gcc/arm-none-eabi/10.3.1/../../../../arm-none-eabi/lib/thumb/v7-m/nofp/libc_nano.a(lib_a-nano-vfprintf_i.o)
 .rodata.str1.1
                0x00000000080072f8        0x9 /opt/st/stm32cubeide_1.10.1/plugins/com.st.stm32cube.ide.mcu.externaltools.gnu-tools-for-stm32.10.3-2021.10.linux64_1.0.0.202111181127/tools/bin/../lib/gcc/arm-none-eabi/10.3.1/../../../../arm-none-eabi/lib/thumb/v7-m/nofp/libc_nano.a(lib_a-nano-vfscanf_i.o)
 .rodata._scanf_i.str1.1
                0x0000000008007301       0x12 /opt/st/stm32cubeide_1.10.1/plugins/com.st.stm32cube.ide.mcu.externaltools.gnu-tools-for-stm32.10.3-2021.10.linux64_1.0.0.202111181127/tools/bin/../lib/gcc/arm-none-eabi/10.3.1/../../../../arm-none-eabi/lib/thumb/v7-m/nofp/libc_nano.a(lib_a-nano-vfscanf_i.o)
 *fill*         0x0000000008007313        0x1 
 .rodata.__sf_fake_stderr
                0x0000000008007314       0x20 /opt/st/stm32cubeide_1.10.1/plugins/com.st.stm32cube.ide.mcu.externaltools.gnu-tools-for-stm32.10.3-2021.10.linux64_1.0.0.202111181127/tools/bin/../lib/gcc/arm-none-eabi/10.3.1/../../../../arm-none-eabi/lib/thumb/v7-m/nofp/libc_nano.a(lib_a-findfp.o)
                0x0000000008007314                __sf_fake_stderr
 .rodata.__sf_fake_stdin
                0x0000000008007334       0x20 /opt/st/stm32cubeide_1.10.1/plugins/com.st.stm32cube.ide.mcu.externaltools.gnu-tools-for-stm32.10.3-2021.10.linux64_1.0.0.202111181127/tools/bin/../lib/gcc/arm-none-eabi/10.3.1/../../../../arm-none-eabi/lib/thumb/v7-m/nofp/libc_nano.a(lib_a-findfp.o)
                0x0000000008007334                __sf_fake_stdin
 .rodata.__sf_fake_stdout
                0x0000000008007354       0x20 /opt/st/stm32cubeide_1.10.1/plugins/com.st.stm32cube.ide.mcu.externaltools.gnu-tools-for-stm32.10.3-2021.10.linux64_1.0.0.202111181127/tools/bin/../lib/gcc/arm-none-eabi/10.3.1/../../../../arm-none-eabi/lib/thumb/v7-m/nofp/libc_nano.a(lib_a-findfp.o)
                0x0000000008007354                __sf_fake_stdout
                0x0000000008007374                . = ALIGN (0x4)

.ARM.extab      0x0000000008007374        0x0
                0x0000000008007374                . = ALIGN (0x4)
 *(.ARM.extab* .gnu.linkonce.armextab.*)
                0x0000000008007374                . = ALIGN (0x4)

.ARM            0x0000000008007374        0x8
                0x0000000008007374                . = ALIGN (0x4)
                0x0000000008007374                __exidx_start = .
 *(.ARM.exidx*)
 .ARM.exidx     0x0000000008007374        0x8 /opt/st/stm32cubeide_1.10.1/plugins/com.st.stm32cube.ide.mcu.externaltools.gnu-tools-for-stm32.10.3-2021.10.linux64_1.0.0.202111181127/tools/bin/../lib/gcc/arm-none-eabi/10.3.1/thumb/v7-m/nofp/libgcc.a(_udivmoddi4.o)
                0x000000000800737c                __exidx_end = .
                0x000000000800737c                . = ALIGN (0x4)

.rel.dyn        0x000000000800737c        0x0
 .rel.iplt      0x000000000800737c        0x0 /opt/st/stm32cubeide_1.10.1/plugins/com.st.stm32cube.ide.mcu.externaltools.gnu-tools-for-stm32.10.3-2021.10.linux64_1.0.0.202111181127/tools/bin/../lib/gcc/arm-none-eabi/10.3.1/thumb/v7-m/nofp/crtbegin.o

.preinit_array  0x000000000800737c        0x0
                0x000000000800737c                . = ALIGN (0x4)
                0x000000000800737c                PROVIDE (__preinit_array_start = .)
 *(.preinit_array*)
                0x000000000800737c                PROVIDE (__preinit_array_end = .)
                0x000000000800737c                . = ALIGN (0x4)

.init_array     0x000000000800737c        0x4
                0x000000000800737c                . = ALIGN (0x4)
                0x000000000800737c                PROVIDE (__init_array_start = .)
 *(SORT_BY_NAME(.init_array.*))
 *(.init_array*)
 .init_array    0x000000000800737c        0x4 /opt/st/stm32cubeide_1.10.1/plugins/com.st.stm32cube.ide.mcu.externaltools.gnu-tools-for-stm32.10.3-2021.10.linux64_1.0.0.202111181127/tools/bin/../lib/gcc/arm-none-eabi/10.3.1/thumb/v7-m/nofp/crtbegin.o
                0x0000000008007380                PROVIDE (__init_array_end = .)
                0x0000000008007380                . = ALIGN (0x4)

.fini_array     0x0000000008007380        0x4
                0x0000000008007380                . = ALIGN (0x4)
                [!provide]                        PROVIDE (__fini_array_start = .)
 *(SORT_BY_NAME(.fini_array.*))
 *(.fini_array*)
 .fini_array    0x0000000008007380        0x4 /opt/st/stm32cubeide_1.10.1/plugins/com.st.stm32cube.ide.mcu.externaltools.gnu-tools-for-stm32.10.3-2021.10.linux64_1.0.0.202111181127/tools/bin/../lib/gcc/arm-none-eabi/10.3.1/thumb/v7-m/nofp/crtbegin.o
                [!provide]                        PROVIDE (__fini_array_end = .)
                0x0000000008007384                . = ALIGN (0x4)
                0x0000000008007384                _sidata = LOADADDR (.data)

.data           0x0000000020000000       0x90 load address 0x0000000008007384
                0x0000000020000000                . = ALIGN (0x4)
                0x0000000020000000                _sdata = .
 *(.data)
 *(.data*)
 .data.SRAM_START
                0x0000000020000000        0x4 ./Core/Src/main.o
                0x0000000020000000                SRAM_START
 .data.SRC_BUF  0x0000000020000004        0x4 ./Core/Src/main.o
                0x0000000020000004                SRC_BUF
 .data.WRITE_BUF
                0x0000000020000008        0x4 ./Core/Src/main.o
                0x0000000020000008                WRITE_BUF
 .data.vdd_cal  0x000000002000000c        0x4 ./Core/Src/main.o
                0x000000002000000c                vdd_cal
 .data.temp30_cal
                0x0000000020000010        0x4 ./Core/Src/main.o
                0x0000000020000010                temp30_cal
 .data.temp110_cal
                0x0000000020000014        0x4 ./Core/Src/main.o
                0x0000000020000014                temp110_cal
 .data.SystemCoreClock
                0x0000000020000018        0x4 ./Core/Src/system_stm32l1xx.o
                0x0000000020000018                SystemCoreClock
 .data.std_lib  0x000000002000001c        0x4 ./Core/Src/zforth.o
                0x000000002000001c                std_lib
 .data.uservar  0x0000000020000020        0x4 ./Core/Src/zforth.o
 .data.uwTickPrio
                0x0000000020000024        0x4 ./Drivers/STM32L1xx_HAL_Driver/Src/stm32l1xx_hal.o
                0x0000000020000024                uwTickPrio
 .data.uwTickFreq
                0x0000000020000028        0x4 ./Drivers/STM32L1xx_HAL_Driver/Src/stm32l1xx_hal.o
                0x0000000020000028                uwTickFreq
 .data._impure_ptr
                0x000000002000002c        0x4 /opt/st/stm32cubeide_1.10.1/plugins/com.st.stm32cube.ide.mcu.externaltools.gnu-tools-for-stm32.10.3-2021.10.linux64_1.0.0.202111181127/tools/bin/../lib/gcc/arm-none-eabi/10.3.1/../../../../arm-none-eabi/lib/thumb/v7-m/nofp/libc_nano.a(lib_a-impure.o)
                0x000000002000002c                _impure_ptr
 .data.impure_data
                0x0000000020000030       0x60 /opt/st/stm32cubeide_1.10.1/plugins/com.st.stm32cube.ide.mcu.externaltools.gnu-tools-for-stm32.10.3-2021.10.linux64_1.0.0.202111181127/tools/bin/../lib/gcc/arm-none-eabi/10.3.1/../../../../arm-none-eabi/lib/thumb/v7-m/nofp/libc_nano.a(lib_a-impure.o)
 *(.RamFunc)
 *(.RamFunc*)
                0x0000000020000090                . = ALIGN (0x4)
                0x0000000020000090                _edata = .

.igot.plt       0x0000000020000090        0x0 load address 0x0000000008007414
 .igot.plt      0x0000000020000090        0x0 /opt/st/stm32cubeide_1.10.1/plugins/com.st.stm32cube.ide.mcu.externaltools.gnu-tools-for-stm32.10.3-2021.10.linux64_1.0.0.202111181127/tools/bin/../lib/gcc/arm-none-eabi/10.3.1/thumb/v7-m/nofp/crtbegin.o
                0x0000000020000090                . = ALIGN (0x4)

.bss            0x0000000020000090     0x1a04 load address 0x0000000008007414
                0x0000000020000090                _sbss = .
                0x0000000020000090                __bss_start__ = _sbss
 *(.bss)
 .bss           0x0000000020000090       0x1c /opt/st/stm32cubeide_1.10.1/plugins/com.st.stm32cube.ide.mcu.externaltools.gnu-tools-for-stm32.10.3-2021.10.linux64_1.0.0.202111181127/tools/bin/../lib/gcc/arm-none-eabi/10.3.1/thumb/v7-m/nofp/crtbegin.o
 *(.bss*)
 .bss.hadc      0x00000000200000ac       0x54 ./Core/Src/main.o
                0x00000000200000ac                hadc
 .bss.hdma_adc  0x0000000020000100       0x44 ./Core/Src/main.o
                0x0000000020000100                hdma_adc
 .bss.huart1    0x0000000020000144       0x44 ./Core/Src/main.o
                0x0000000020000144                huart1
 .bss.huart3    0x0000000020000188       0x44 ./Core/Src/main.o
                0x0000000020000188                huart3
 .bss.hdma_usart1_rx
                0x00000000200001cc       0x44 ./Core/Src/main.o
                0x00000000200001cc                hdma_usart1_rx
 .bss.hdma_usart3_rx
                0x0000000020000210       0x44 ./Core/Src/main.o
                0x0000000020000210                hdma_usart3_rx
 .bss.UID       0x0000000020000254       0x19 ./Core/Src/main.o
                0x0000000020000254                UID
 *fill*         0x000000002000026d        0x3 
 .bss.packet    0x0000000020000270      0x221 ./Core/Src/main.o
                0x0000000020000270                packet
 *fill*         0x0000000020000491        0x3 
 .bss.write_pos
                0x0000000020000494        0x4 ./Core/Src/main.o
                0x0000000020000494                write_pos
 .bss.sensors   0x0000000020000498        0x8 ./Core/Src/main.o
                0x0000000020000498                sensors
 .bss.bytes_rx  0x00000000200004a0        0x4 ./Core/Src/main.o
                0x00000000200004a0                bytes_rx
 .bss.buffer    0x00000000200004a4      0x221 ./Core/Src/main.o
                0x00000000200004a4                buffer
 *fill*         0x00000000200006c5        0x3 
 .bss.transport_buffer
                0x00000000200006c8      0x221 ./Core/Src/main.o
                0x00000000200006c8                transport_buffer
 *fill*         0x00000000200008e9        0x1 
 .bss.checksum  0x00000000200008ea        0x2 ./Core/Src/main.o
                0x00000000200008ea                checksum
 .bss.__sbrk_heap_end
                0x00000000200008ec        0x4 ./Core/Src/sysmem.o
 .bss.rstack    0x00000000200008f0       0x80 ./Core/Src/zforth.o
 .bss.dstack    0x0000000020000970       0x80 ./Core/Src/zforth.o
 .bss.dict      0x00000000200009f0     0x1000 ./Core/Src/zforth.o
 .bss.input_state
                0x00000000200019f0        0x1 ./Core/Src/zforth.o
 *fill*         0x00000000200019f1        0x3 
 .bss.dsp       0x00000000200019f4        0x4 ./Core/Src/zforth.o
 .bss.rsp       0x00000000200019f8        0x4 ./Core/Src/zforth.o
 .bss.ip        0x00000000200019fc        0x4 ./Core/Src/zforth.o
 .bss.jmpbuf    0x0000000020001a00       0x5c ./Core/Src/zforth.o
 .bss.len.1     0x0000000020001a5c        0x4 ./Core/Src/zforth.o
 .bss.buf.0     0x0000000020001a60       0x20 ./Core/Src/zforth.o
 .bss.uwTick    0x0000000020001a80        0x4 ./Drivers/STM32L1xx_HAL_Driver/Src/stm32l1xx_hal.o
                0x0000000020001a80                uwTick
 .bss.errno     0x0000000020001a84        0x4 /opt/st/stm32cubeide_1.10.1/plugins/com.st.stm32cube.ide.mcu.externaltools.gnu-tools-for-stm32.10.3-2021.10.linux64_1.0.0.202111181127/tools/bin/../lib/gcc/arm-none-eabi/10.3.1/../../../../arm-none-eabi/lib/thumb/v7-m/nofp/libc_nano.a(lib_a-reent.o)
                0x0000000020001a84                errno
 .bss.__lock___malloc_recursive_mutex
                0x0000000020001a88        0x1 /opt/st/stm32cubeide_1.10.1/plugins/com.st.stm32cube.ide.mcu.externaltools.gnu-tools-for-stm32.10.3-2021.10.linux64_1.0.0.202111181127/tools/bin/../lib/gcc/arm-none-eabi/10.3.1/../../../../arm-none-eabi/lib/thumb/v7-m/nofp/libc_nano.a(lib_a-lock.o)
                0x0000000020001a88                __lock___malloc_recursive_mutex
 *fill*         0x0000000020001a89        0x3 
 .bss.__malloc_free_list
                0x0000000020001a8c        0x4 /opt/st/stm32cubeide_1.10.1/plugins/com.st.stm32cube.ide.mcu.externaltools.gnu-tools-for-stm32.10.3-2021.10.linux64_1.0.0.202111181127/tools/bin/../lib/gcc/arm-none-eabi/10.3.1/../../../../arm-none-eabi/lib/thumb/v7-m/nofp/libc_nano.a(lib_a-nano-mallocr.o)
                0x0000000020001a8c                __malloc_free_list
 .bss.__malloc_sbrk_start
                0x0000000020001a90        0x4 /opt/st/stm32cubeide_1.10.1/plugins/com.st.stm32cube.ide.mcu.externaltools.gnu-tools-for-stm32.10.3-2021.10.linux64_1.0.0.202111181127/tools/bin/../lib/gcc/arm-none-eabi/10.3.1/../../../../arm-none-eabi/lib/thumb/v7-m/nofp/libc_nano.a(lib_a-nano-mallocr.o)
                0x0000000020001a90                __malloc_sbrk_start
 *(COMMON)
                0x0000000020001a94                . = ALIGN (0x4)
                0x0000000020001a94                _ebss = .
                0x0000000020001a94                __bss_end__ = _ebss

._user_heap_stack
                0x0000000020001a94      0x604 load address 0x0000000008007414
                0x0000000020001a98                . = ALIGN (0x8)
 *fill*         0x0000000020001a94        0x4 
                [!provide]                        PROVIDE (end = .)
                0x0000000020001a98                PROVIDE (_end = .)
                0x0000000020001c98                . = (. + _Min_Heap_Size)
 *fill*         0x0000000020001a98      0x200 
                0x0000000020002098                . = (. + _Min_Stack_Size)
 *fill*         0x0000000020001c98      0x400 
                0x0000000020002098                . = ALIGN (0x8)

/DISCARD/
 libc.a(*)
 libm.a(*)
 libgcc.a(*)

.ARM.attributes
                0x0000000000000000       0x29
 *(.ARM.attributes)
 .ARM.attributes
                0x0000000000000000       0x1d /opt/st/stm32cubeide_1.10.1/plugins/com.st.stm32cube.ide.mcu.externaltools.gnu-tools-for-stm32.10.3-2021.10.linux64_1.0.0.202111181127/tools/bin/../lib/gcc/arm-none-eabi/10.3.1/thumb/v7-m/nofp/crti.o
 .ARM.attributes
                0x000000000000001d       0x2d /opt/st/stm32cubeide_1.10.1/plugins/com.st.stm32cube.ide.mcu.externaltools.gnu-tools-for-stm32.10.3-2021.10.linux64_1.0.0.202111181127/tools/bin/../lib/gcc/arm-none-eabi/10.3.1/thumb/v7-m/nofp/crtbegin.o
 .ARM.attributes
                0x000000000000004a       0x2d ./Core/Src/main.o
 .ARM.attributes
                0x0000000000000077       0x2d ./Core/Src/sramplatform.o
 .ARM.attributes
                0x00000000000000a4       0x2d ./Core/Src/stm32l1xx_hal_msp.o
 .ARM.attributes
                0x00000000000000d1       0x2d ./Core/Src/stm32l1xx_it.o
 .ARM.attributes
                0x00000000000000fe       0x2d ./Core/Src/sysmem.o
 .ARM.attributes
                0x000000000000012b       0x2d ./Core/Src/system_stm32l1xx.o
 .ARM.attributes
                0x0000000000000158       0x2d ./Core/Src/zforth.o
 .ARM.attributes
                0x0000000000000185       0x21 ./Core/Startup/startup_stm32l152retx.o
 .ARM.attributes
                0x00000000000001a6       0x2d ./Drivers/STM32L1xx_HAL_Driver/Src/stm32l1xx_hal.o
 .ARM.attributes
                0x00000000000001d3       0x2d ./Drivers/STM32L1xx_HAL_Driver/Src/stm32l1xx_hal_adc.o
 .ARM.attributes
                0x0000000000000200       0x2d ./Drivers/STM32L1xx_HAL_Driver/Src/stm32l1xx_hal_adc_ex.o
 .ARM.attributes
                0x000000000000022d       0x2d ./Drivers/STM32L1xx_HAL_Driver/Src/stm32l1xx_hal_cortex.o
 .ARM.attributes
                0x000000000000025a       0x2d ./Drivers/STM32L1xx_HAL_Driver/Src/stm32l1xx_hal_dma.o
 .ARM.attributes
                0x0000000000000287       0x2d ./Drivers/STM32L1xx_HAL_Driver/Src/stm32l1xx_hal_gpio.o
 .ARM.attributes
                0x00000000000002b4       0x2d ./Drivers/STM32L1xx_HAL_Driver/Src/stm32l1xx_hal_rcc.o
 .ARM.attributes
                0x00000000000002e1       0x2d ./Drivers/STM32L1xx_HAL_Driver/Src/stm32l1xx_hal_uart.o
 .ARM.attributes
                0x000000000000030e       0x2d /opt/st/stm32cubeide_1.10.1/plugins/com.st.stm32cube.ide.mcu.externaltools.gnu-tools-for-stm32.10.3-2021.10.linux64_1.0.0.202111181127/tools/bin/../lib/gcc/arm-none-eabi/10.3.1/../../../../arm-none-eabi/lib/thumb/v7-m/nofp/libc_nano.a(lib_a-ctype_.o)
 .ARM.attributes
                0x000000000000033b       0x2d /opt/st/stm32cubeide_1.10.1/plugins/com.st.stm32cube.ide.mcu.externaltools.gnu-tools-for-stm32.10.3-2021.10.linux64_1.0.0.202111181127/tools/bin/../lib/gcc/arm-none-eabi/10.3.1/../../../../arm-none-eabi/lib/thumb/v7-m/nofp/libc_nano.a(lib_a-errno.o)
 .ARM.attributes
                0x0000000000000368       0x2d /opt/st/stm32cubeide_1.10.1/plugins/com.st.stm32cube.ide.mcu.externaltools.gnu-tools-for-stm32.10.3-2021.10.linux64_1.0.0.202111181127/tools/bin/../lib/gcc/arm-none-eabi/10.3.1/../../../../arm-none-eabi/lib/thumb/v7-m/nofp/libc_nano.a(lib_a-impure.o)
 .ARM.attributes
                0x0000000000000395       0x2d /opt/st/stm32cubeide_1.10.1/plugins/com.st.stm32cube.ide.mcu.externaltools.gnu-tools-for-stm32.10.3-2021.10.linux64_1.0.0.202111181127/tools/bin/../lib/gcc/arm-none-eabi/10.3.1/../../../../arm-none-eabi/lib/thumb/v7-m/nofp/libc_nano.a(lib_a-init.o)
 .ARM.attributes
                0x00000000000003c2       0x2d /opt/st/stm32cubeide_1.10.1/plugins/com.st.stm32cube.ide.mcu.externaltools.gnu-tools-for-stm32.10.3-2021.10.linux64_1.0.0.202111181127/tools/bin/../lib/gcc/arm-none-eabi/10.3.1/../../../../arm-none-eabi/lib/thumb/v7-m/nofp/libc_nano.a(lib_a-memcmp.o)
 .ARM.attributes
                0x00000000000003ef       0x2d /opt/st/stm32cubeide_1.10.1/plugins/com.st.stm32cube.ide.mcu.externaltools.gnu-tools-for-stm32.10.3-2021.10.linux64_1.0.0.202111181127/tools/bin/../lib/gcc/arm-none-eabi/10.3.1/../../../../arm-none-eabi/lib/thumb/v7-m/nofp/libc_nano.a(lib_a-memcpy-stub.o)
 .ARM.attributes
                0x000000000000041c       0x2d /opt/st/stm32cubeide_1.10.1/plugins/com.st.stm32cube.ide.mcu.externaltools.gnu-tools-for-stm32.10.3-2021.10.linux64_1.0.0.202111181127/tools/bin/../lib/gcc/arm-none-eabi/10.3.1/../../../../arm-none-eabi/lib/thumb/v7-m/nofp/libc_nano.a(lib_a-memset.o)
 .ARM.attributes
                0x0000000000000449       0x1b /opt/st/stm32cubeide_1.10.1/plugins/com.st.stm32cube.ide.mcu.externaltools.gnu-tools-for-stm32.10.3-2021.10.linux64_1.0.0.202111181127/tools/bin/../lib/gcc/arm-none-eabi/10.3.1/../../../../arm-none-eabi/lib/thumb/v7-m/nofp/libc_nano.a(lib_a-setjmp.o)
 .ARM.attributes
                0x0000000000000464       0x2d /opt/st/stm32cubeide_1.10.1/plugins/com.st.stm32cube.ide.mcu.externaltools.gnu-tools-for-stm32.10.3-2021.10.linux64_1.0.0.202111181127/tools/bin/../lib/gcc/arm-none-eabi/10.3.1/../../../../arm-none-eabi/lib/thumb/v7-m/nofp/libc_nano.a(lib_a-snprintf.o)
 .ARM.attributes
                0x0000000000000491       0x2d /opt/st/stm32cubeide_1.10.1/plugins/com.st.stm32cube.ide.mcu.externaltools.gnu-tools-for-stm32.10.3-2021.10.linux64_1.0.0.202111181127/tools/bin/../lib/gcc/arm-none-eabi/10.3.1/../../../../arm-none-eabi/lib/thumb/v7-m/nofp/libc_nano.a(lib_a-sscanf.o)
 .ARM.attributes
                0x00000000000004be       0x2d /opt/st/stm32cubeide_1.10.1/plugins/com.st.stm32cube.ide.mcu.externaltools.gnu-tools-for-stm32.10.3-2021.10.linux64_1.0.0.202111181127/tools/bin/../lib/gcc/arm-none-eabi/10.3.1/../../../../arm-none-eabi/lib/thumb/v7-m/nofp/libc_nano.a(lib_a-stdio.o)
 .ARM.attributes
                0x00000000000004eb       0x1b /opt/st/stm32cubeide_1.10.1/plugins/com.st.stm32cube.ide.mcu.externaltools.gnu-tools-for-stm32.10.3-2021.10.linux64_1.0.0.202111181127/tools/bin/../lib/gcc/arm-none-eabi/10.3.1/../../../../arm-none-eabi/lib/thumb/v7-m/nofp/libc_nano.a(lib_a-strcmp.o)
 .ARM.attributes
                0x0000000000000506       0x2d /opt/st/stm32cubeide_1.10.1/plugins/com.st.stm32cube.ide.mcu.externaltools.gnu-tools-for-stm32.10.3-2021.10.linux64_1.0.0.202111181127/tools/bin/../lib/gcc/arm-none-eabi/10.3.1/../../../../arm-none-eabi/lib/thumb/v7-m/nofp/libc_nano.a(lib_a-strcpy.o)
 .ARM.attributes
                0x0000000000000533       0x17 /opt/st/stm32cubeide_1.10.1/plugins/com.st.stm32cube.ide.mcu.externaltools.gnu-tools-for-stm32.10.3-2021.10.linux64_1.0.0.202111181127/tools/bin/../lib/gcc/arm-none-eabi/10.3.1/../../../../arm-none-eabi/lib/thumb/v7-m/nofp/libc_nano.a(lib_a-strlen.o)
 .ARM.attributes
                0x000000000000054a       0x2d /opt/st/stm32cubeide_1.10.1/plugins/com.st.stm32cube.ide.mcu.externaltools.gnu-tools-for-stm32.10.3-2021.10.linux64_1.0.0.202111181127/tools/bin/../lib/gcc/arm-none-eabi/10.3.1/../../../../arm-none-eabi/lib/thumb/v7-m/nofp/libc_nano.a(lib_a-nano-svfprintf.o)
 .ARM.attributes
                0x0000000000000577       0x2d /opt/st/stm32cubeide_1.10.1/plugins/com.st.stm32cube.ide.mcu.externaltools.gnu-tools-for-stm32.10.3-2021.10.linux64_1.0.0.202111181127/tools/bin/../lib/gcc/arm-none-eabi/10.3.1/../../../../arm-none-eabi/lib/thumb/v7-m/nofp/libc_nano.a(lib_a-nano-svfscanf.o)
 .ARM.attributes
                0x00000000000005a4       0x2d /opt/st/stm32cubeide_1.10.1/plugins/com.st.stm32cube.ide.mcu.externaltools.gnu-tools-for-stm32.10.3-2021.10.linux64_1.0.0.202111181127/tools/bin/../lib/gcc/arm-none-eabi/10.3.1/../../../../arm-none-eabi/lib/thumb/v7-m/nofp/libc_nano.a(lib_a-nano-vfprintf_i.o)
 .ARM.attributes
                0x00000000000005d1       0x2d /opt/st/stm32cubeide_1.10.1/plugins/com.st.stm32cube.ide.mcu.externaltools.gnu-tools-for-stm32.10.3-2021.10.linux64_1.0.0.202111181127/tools/bin/../lib/gcc/arm-none-eabi/10.3.1/../../../../arm-none-eabi/lib/thumb/v7-m/nofp/libc_nano.a(lib_a-nano-vfscanf_i.o)
 .ARM.attributes
                0x00000000000005fe       0x2d /opt/st/stm32cubeide_1.10.1/plugins/com.st.stm32cube.ide.mcu.externaltools.gnu-tools-for-stm32.10.3-2021.10.linux64_1.0.0.202111181127/tools/bin/../lib/gcc/arm-none-eabi/10.3.1/../../../../arm-none-eabi/lib/thumb/v7-m/nofp/libc_nano.a(lib_a-reent.o)
 .ARM.attributes
                0x000000000000062b       0x2d /opt/st/stm32cubeide_1.10.1/plugins/com.st.stm32cube.ide.mcu.externaltools.gnu-tools-for-stm32.10.3-2021.10.linux64_1.0.0.202111181127/tools/bin/../lib/gcc/arm-none-eabi/10.3.1/../../../../arm-none-eabi/lib/thumb/v7-m/nofp/libc_nano.a(lib_a-sccl.o)
 .ARM.attributes
                0x0000000000000658       0x2d /opt/st/stm32cubeide_1.10.1/plugins/com.st.stm32cube.ide.mcu.externaltools.gnu-tools-for-stm32.10.3-2021.10.linux64_1.0.0.202111181127/tools/bin/../lib/gcc/arm-none-eabi/10.3.1/../../../../arm-none-eabi/lib/thumb/v7-m/nofp/libc_nano.a(lib_a-strtol.o)
 .ARM.attributes
                0x0000000000000685       0x2d /opt/st/stm32cubeide_1.10.1/plugins/com.st.stm32cube.ide.mcu.externaltools.gnu-tools-for-stm32.10.3-2021.10.linux64_1.0.0.202111181127/tools/bin/../lib/gcc/arm-none-eabi/10.3.1/../../../../arm-none-eabi/lib/thumb/v7-m/nofp/libc_nano.a(lib_a-strtoul.o)
 .ARM.attributes
                0x00000000000006b2       0x2d /opt/st/stm32cubeide_1.10.1/plugins/com.st.stm32cube.ide.mcu.externaltools.gnu-tools-for-stm32.10.3-2021.10.linux64_1.0.0.202111181127/tools/bin/../lib/gcc/arm-none-eabi/10.3.1/../../../../arm-none-eabi/lib/thumb/v7-m/nofp/libc_nano.a(lib_a-ungetc.o)
 .ARM.attributes
                0x00000000000006df       0x2d /opt/st/stm32cubeide_1.10.1/plugins/com.st.stm32cube.ide.mcu.externaltools.gnu-tools-for-stm32.10.3-2021.10.linux64_1.0.0.202111181127/tools/bin/../lib/gcc/arm-none-eabi/10.3.1/../../../../arm-none-eabi/lib/thumb/v7-m/nofp/libc_nano.a(lib_a-findfp.o)
 .ARM.attributes
                0x000000000000070c       0x2d /opt/st/stm32cubeide_1.10.1/plugins/com.st.stm32cube.ide.mcu.externaltools.gnu-tools-for-stm32.10.3-2021.10.linux64_1.0.0.202111181127/tools/bin/../lib/gcc/arm-none-eabi/10.3.1/../../../../arm-none-eabi/lib/thumb/v7-m/nofp/libc_nano.a(lib_a-lock.o)
 .ARM.attributes
                0x0000000000000739       0x2d /opt/st/stm32cubeide_1.10.1/plugins/com.st.stm32cube.ide.mcu.externaltools.gnu-tools-for-stm32.10.3-2021.10.linux64_1.0.0.202111181127/tools/bin/../lib/gcc/arm-none-eabi/10.3.1/../../../../arm-none-eabi/lib/thumb/v7-m/nofp/libc_nano.a(lib_a-memchr-stub.o)
 .ARM.attributes
                0x0000000000000766       0x2d /opt/st/stm32cubeide_1.10.1/plugins/com.st.stm32cube.ide.mcu.externaltools.gnu-tools-for-stm32.10.3-2021.10.linux64_1.0.0.202111181127/tools/bin/../lib/gcc/arm-none-eabi/10.3.1/../../../../arm-none-eabi/lib/thumb/v7-m/nofp/libc_nano.a(lib_a-memmove.o)
 .ARM.attributes
                0x0000000000000793       0x2d /opt/st/stm32cubeide_1.10.1/plugins/com.st.stm32cube.ide.mcu.externaltools.gnu-tools-for-stm32.10.3-2021.10.linux64_1.0.0.202111181127/tools/bin/../lib/gcc/arm-none-eabi/10.3.1/../../../../arm-none-eabi/lib/thumb/v7-m/nofp/libc_nano.a(lib_a-nano-freer.o)
 .ARM.attributes
                0x00000000000007c0       0x2d /opt/st/stm32cubeide_1.10.1/plugins/com.st.stm32cube.ide.mcu.externaltools.gnu-tools-for-stm32.10.3-2021.10.linux64_1.0.0.202111181127/tools/bin/../lib/gcc/arm-none-eabi/10.3.1/../../../../arm-none-eabi/lib/thumb/v7-m/nofp/libc_nano.a(lib_a-nano-mallocr.o)
 .ARM.attributes
                0x00000000000007ed       0x2d /opt/st/stm32cubeide_1.10.1/plugins/com.st.stm32cube.ide.mcu.externaltools.gnu-tools-for-stm32.10.3-2021.10.linux64_1.0.0.202111181127/tools/bin/../lib/gcc/arm-none-eabi/10.3.1/../../../../arm-none-eabi/lib/thumb/v7-m/nofp/libc_nano.a(lib_a-nano-reallocr.o)
 .ARM.attributes
                0x000000000000081a       0x2d /opt/st/stm32cubeide_1.10.1/plugins/com.st.stm32cube.ide.mcu.externaltools.gnu-tools-for-stm32.10.3-2021.10.linux64_1.0.0.202111181127/tools/bin/../lib/gcc/arm-none-eabi/10.3.1/../../../../arm-none-eabi/lib/thumb/v7-m/nofp/libc_nano.a(lib_a-sbrkr.o)
 .ARM.attributes
                0x0000000000000847       0x2d /opt/st/stm32cubeide_1.10.1/plugins/com.st.stm32cube.ide.mcu.externaltools.gnu-tools-for-stm32.10.3-2021.10.linux64_1.0.0.202111181127/tools/bin/../lib/gcc/arm-none-eabi/10.3.1/../../../../arm-none-eabi/lib/thumb/v7-m/nofp/libc_nano.a(lib_a-mlock.o)
 .ARM.attributes
                0x0000000000000874       0x2d /opt/st/stm32cubeide_1.10.1/plugins/com.st.stm32cube.ide.mcu.externaltools.gnu-tools-for-stm32.10.3-2021.10.linux64_1.0.0.202111181127/tools/bin/../lib/gcc/arm-none-eabi/10.3.1/../../../../arm-none-eabi/lib/thumb/v7-m/nofp/libc_nano.a(lib_a-nano-msizer.o)
 .ARM.attributes
                0x00000000000008a1       0x1d /opt/st/stm32cubeide_1.10.1/plugins/com.st.stm32cube.ide.mcu.externaltools.gnu-tools-for-stm32.10.3-2021.10.linux64_1.0.0.202111181127/tools/bin/../lib/gcc/arm-none-eabi/10.3.1/thumb/v7-m/nofp/libgcc.a(_aeabi_uldivmod.o)
 .ARM.attributes
                0x00000000000008be       0x2d /opt/st/stm32cubeide_1.10.1/plugins/com.st.stm32cube.ide.mcu.externaltools.gnu-tools-for-stm32.10.3-2021.10.linux64_1.0.0.202111181127/tools/bin/../lib/gcc/arm-none-eabi/10.3.1/thumb/v7-m/nofp/libgcc.a(_udivmoddi4.o)
 .ARM.attributes
                0x00000000000008eb       0x1d /opt/st/stm32cubeide_1.10.1/plugins/com.st.stm32cube.ide.mcu.externaltools.gnu-tools-for-stm32.10.3-2021.10.linux64_1.0.0.202111181127/tools/bin/../lib/gcc/arm-none-eabi/10.3.1/thumb/v7-m/nofp/libgcc.a(_dvmd_tls.o)
 .ARM.attributes
                0x0000000000000908       0x1d /opt/st/stm32cubeide_1.10.1/plugins/com.st.stm32cube.ide.mcu.externaltools.gnu-tools-for-stm32.10.3-2021.10.linux64_1.0.0.202111181127/tools/bin/../lib/gcc/arm-none-eabi/10.3.1/thumb/v7-m/nofp/crtn.o
OUTPUT(Code_Nucleo.elf elf32-littlearm)
LOAD linker stubs
LOAD /opt/st/stm32cubeide_1.10.1/plugins/com.st.stm32cube.ide.mcu.externaltools.gnu-tools-for-stm32.10.3-2021.10.linux64_1.0.0.202111181127/tools/bin/../lib/gcc/arm-none-eabi/10.3.1/../../../../arm-none-eabi/lib/thumb/v7-m/nofp/libc.a
LOAD /opt/st/stm32cubeide_1.10.1/plugins/com.st.stm32cube.ide.mcu.externaltools.gnu-tools-for-stm32.10.3-2021.10.linux64_1.0.0.202111181127/tools/bin/../lib/gcc/arm-none-eabi/10.3.1/../../../../arm-none-eabi/lib/thumb/v7-m/nofp/libm.a
LOAD /opt/st/stm32cubeide_1.10.1/plugins/com.st.stm32cube.ide.mcu.externaltools.gnu-tools-for-stm32.10.3-2021.10.linux64_1.0.0.202111181127/tools/bin/../lib/gcc/arm-none-eabi/10.3.1/thumb/v7-m/nofp/libgcc.a

.debug_info     0x0000000000000000     0xa50a
 .debug_info    0x0000000000000000     0x1477 ./Core/Src/main.o
 .debug_info    0x0000000000001477      0x89a ./Core/Src/sramplatform.o
 .debug_info    0x0000000000001d11      0xe2d ./Core/Src/stm32l1xx_hal_msp.o
 .debug_info    0x0000000000002b3e      0x99d ./Core/Src/stm32l1xx_it.o
 .debug_info    0x00000000000034db      0x171 ./Core/Src/sysmem.o
 .debug_info    0x000000000000364c      0x2a7 ./Core/Src/system_stm32l1xx.o
 .debug_info    0x00000000000038f3     0x1187 ./Core/Src/zforth.o
 .debug_info    0x0000000000004a7a       0x22 ./Core/Startup/startup_stm32l152retx.o
 .debug_info    0x0000000000004a9c      0x726 ./Drivers/STM32L1xx_HAL_Driver/Src/stm32l1xx_hal.o
 .debug_info    0x00000000000051c2      0xf29 ./Drivers/STM32L1xx_HAL_Driver/Src/stm32l1xx_hal_adc.o
 .debug_info    0x00000000000060eb      0x96e ./Drivers/STM32L1xx_HAL_Driver/Src/stm32l1xx_hal_adc_ex.o
 .debug_info    0x0000000000006a59      0xd85 ./Drivers/STM32L1xx_HAL_Driver/Src/stm32l1xx_hal_cortex.o
 .debug_info    0x00000000000077de      0x734 ./Drivers/STM32L1xx_HAL_Driver/Src/stm32l1xx_hal_dma.o
 .debug_info    0x0000000000007f12      0x635 ./Drivers/STM32L1xx_HAL_Driver/Src/stm32l1xx_hal_gpio.o
 .debug_info    0x0000000000008547      0x9e7 ./Drivers/STM32L1xx_HAL_Driver/Src/stm32l1xx_hal_rcc.o
 .debug_info    0x0000000000008f2e     0x15dc ./Drivers/STM32L1xx_HAL_Driver/Src/stm32l1xx_hal_uart.o

.debug_abbrev   0x0000000000000000     0x219b
 .debug_abbrev  0x0000000000000000      0x3b8 ./Core/Src/main.o
 .debug_abbrev  0x00000000000003b8      0x228 ./Core/Src/sramplatform.o
 .debug_abbrev  0x00000000000005e0      0x207 ./Core/Src/stm32l1xx_hal_msp.o
 .debug_abbrev  0x00000000000007e7      0x18a ./Core/Src/stm32l1xx_it.o
 .debug_abbrev  0x0000000000000971       0xbb ./Core/Src/sysmem.o
 .debug_abbrev  0x0000000000000a2c      0x116 ./Core/Src/system_stm32l1xx.o
 .debug_abbrev  0x0000000000000b42      0x30d ./Core/Src/zforth.o
 .debug_abbrev  0x0000000000000e4f       0x12 ./Core/Startup/startup_stm32l152retx.o
 .debug_abbrev  0x0000000000000e61      0x26c ./Drivers/STM32L1xx_HAL_Driver/Src/stm32l1xx_hal.o
 .debug_abbrev  0x00000000000010cd      0x280 ./Drivers/STM32L1xx_HAL_Driver/Src/stm32l1xx_hal_adc.o
 .debug_abbrev  0x000000000000134d      0x257 ./Drivers/STM32L1xx_HAL_Driver/Src/stm32l1xx_hal_adc_ex.o
 .debug_abbrev  0x00000000000015a4      0x316 ./Drivers/STM32L1xx_HAL_Driver/Src/stm32l1xx_hal_cortex.o
 .debug_abbrev  0x00000000000018ba      0x1f5 ./Drivers/STM32L1xx_HAL_Driver/Src/stm32l1xx_hal_dma.o
 .debug_abbrev  0x0000000000001aaf      0x1c4 ./Drivers/STM32L1xx_HAL_Driver/Src/stm32l1xx_hal_gpio.o
 .debug_abbrev  0x0000000000001c73      0x2b0 ./Drivers/STM32L1xx_HAL_Driver/Src/stm32l1xx_hal_rcc.o
 .debug_abbrev  0x0000000000001f23      0x278 ./Drivers/STM32L1xx_HAL_Driver/Src/stm32l1xx_hal_uart.o

.debug_aranges  0x0000000000000000      0x9f0
 .debug_aranges
                0x0000000000000000       0x70 ./Core/Src/main.o
 .debug_aranges
                0x0000000000000070       0x50 ./Core/Src/sramplatform.o
 .debug_aranges
                0x00000000000000c0       0x40 ./Core/Src/stm32l1xx_hal_msp.o
 .debug_aranges
                0x0000000000000100       0x90 ./Core/Src/stm32l1xx_it.o
 .debug_aranges
                0x0000000000000190       0x20 ./Core/Src/sysmem.o
 .debug_aranges
                0x00000000000001b0       0x28 ./Core/Src/system_stm32l1xx.o
 .debug_aranges
                0x00000000000001d8      0x148 ./Core/Src/zforth.o
 .debug_aranges
                0x0000000000000320       0x28 ./Core/Startup/startup_stm32l152retx.o
 .debug_aranges
                0x0000000000000348       0xe0 ./Drivers/STM32L1xx_HAL_Driver/Src/stm32l1xx_hal.o
 .debug_aranges
                0x0000000000000428       0xf0 ./Drivers/STM32L1xx_HAL_Driver/Src/stm32l1xx_hal_adc.o
 .debug_aranges
                0x0000000000000518       0x58 ./Drivers/STM32L1xx_HAL_Driver/Src/stm32l1xx_hal_adc_ex.o
 .debug_aranges
                0x0000000000000570      0x118 ./Drivers/STM32L1xx_HAL_Driver/Src/stm32l1xx_hal_cortex.o
 .debug_aranges
                0x0000000000000688       0x80 ./Drivers/STM32L1xx_HAL_Driver/Src/stm32l1xx_hal_dma.o
 .debug_aranges
                0x0000000000000708       0x58 ./Drivers/STM32L1xx_HAL_Driver/Src/stm32l1xx_hal_gpio.o
 .debug_aranges
                0x0000000000000760       0x90 ./Drivers/STM32L1xx_HAL_Driver/Src/stm32l1xx_hal_rcc.o
 .debug_aranges
                0x00000000000007f0      0x200 ./Drivers/STM32L1xx_HAL_Driver/Src/stm32l1xx_hal_uart.o

.debug_ranges   0x0000000000000000      0x958
 .debug_ranges  0x0000000000000000       0x78 ./Core/Src/main.o
 .debug_ranges  0x0000000000000078       0x40 ./Core/Src/sramplatform.o
 .debug_ranges  0x00000000000000b8       0x30 ./Core/Src/stm32l1xx_hal_msp.o
 .debug_ranges  0x00000000000000e8       0x80 ./Core/Src/stm32l1xx_it.o
 .debug_ranges  0x0000000000000168       0x10 ./Core/Src/sysmem.o
 .debug_ranges  0x0000000000000178       0x18 ./Core/Src/system_stm32l1xx.o
 .debug_ranges  0x0000000000000190      0x150 ./Core/Src/zforth.o
 .debug_ranges  0x00000000000002e0       0x20 ./Core/Startup/startup_stm32l152retx.o
 .debug_ranges  0x0000000000000300       0xd0 ./Drivers/STM32L1xx_HAL_Driver/Src/stm32l1xx_hal.o
 .debug_ranges  0x00000000000003d0       0xe0 ./Drivers/STM32L1xx_HAL_Driver/Src/stm32l1xx_hal_adc.o
 .debug_ranges  0x00000000000004b0       0x48 ./Drivers/STM32L1xx_HAL_Driver/Src/stm32l1xx_hal_adc_ex.o
 .debug_ranges  0x00000000000004f8      0x108 ./Drivers/STM32L1xx_HAL_Driver/Src/stm32l1xx_hal_cortex.o
 .debug_ranges  0x0000000000000600       0x70 ./Drivers/STM32L1xx_HAL_Driver/Src/stm32l1xx_hal_dma.o
 .debug_ranges  0x0000000000000670       0x48 ./Drivers/STM32L1xx_HAL_Driver/Src/stm32l1xx_hal_gpio.o
 .debug_ranges  0x00000000000006b8       0x80 ./Drivers/STM32L1xx_HAL_Driver/Src/stm32l1xx_hal_rcc.o
 .debug_ranges  0x0000000000000738      0x220 ./Drivers/STM32L1xx_HAL_Driver/Src/stm32l1xx_hal_uart.o

.debug_macro    0x0000000000000000    0x17387
 .debug_macro   0x0000000000000000      0x3e2 ./Core/Src/main.o
 .debug_macro   0x00000000000003e2      0xa6c ./Core/Src/main.o
 .debug_macro   0x0000000000000e4e      0x10f ./Core/Src/main.o
 .debug_macro   0x0000000000000f5d       0x2e ./Core/Src/main.o
 .debug_macro   0x0000000000000f8b       0x22 ./Core/Src/main.o
 .debug_macro   0x0000000000000fad       0x22 ./Core/Src/main.o
 .debug_macro   0x0000000000000fcf       0x8e ./Core/Src/main.o
 .debug_macro   0x000000000000105d       0x51 ./Core/Src/main.o
 .debug_macro   0x00000000000010ae      0x103 ./Core/Src/main.o
 .debug_macro   0x00000000000011b1       0x6a ./Core/Src/main.o
 .debug_macro   0x000000000000121b      0x1df ./Core/Src/main.o
 .debug_macro   0x00000000000013fa       0x1c ./Core/Src/main.o
 .debug_macro   0x0000000000001416       0x22 ./Core/Src/main.o
 .debug_macro   0x0000000000001438       0xbd ./Core/Src/main.o
 .debug_macro   0x00000000000014f5      0xe49 ./Core/Src/main.o
 .debug_macro   0x000000000000233e      0x11f ./Core/Src/main.o
 .debug_macro   0x000000000000245d     0xb540 ./Core/Src/main.o
 .debug_macro   0x000000000000d99d       0x6d ./Core/Src/main.o
 .debug_macro   0x000000000000da0a     0x34ca ./Core/Src/main.o
 .debug_macro   0x0000000000010ed4      0x174 ./Core/Src/main.o
 .debug_macro   0x0000000000011048       0x5b ./Core/Src/main.o
 .debug_macro   0x00000000000110a3      0xe38 ./Core/Src/main.o
 .debug_macro   0x0000000000011edb      0x35b ./Core/Src/main.o
 .debug_macro   0x0000000000012236      0x1b9 ./Core/Src/main.o
 .debug_macro   0x00000000000123ef       0xc5 ./Core/Src/main.o
 .debug_macro   0x00000000000124b4      0x21e ./Core/Src/main.o
 .debug_macro   0x00000000000126d2      0x236 ./Core/Src/main.o
 .debug_macro   0x0000000000012908      0x685 ./Core/Src/main.o
 .debug_macro   0x0000000000012f8d      0x16c ./Core/Src/main.o
 .debug_macro   0x00000000000130f9      0x10f ./Core/Src/main.o
 .debug_macro   0x0000000000013208      0x567 ./Core/Src/main.o
 .debug_macro   0x000000000001376f      0x1e9 ./Core/Src/main.o
 .debug_macro   0x0000000000013958       0x22 ./Core/Src/main.o
 .debug_macro   0x000000000001397a      0x295 ./Core/Src/main.o
 .debug_macro   0x0000000000013c0f      0x170 ./Core/Src/main.o
 .debug_macro   0x0000000000013d7f      0x492 ./Core/Src/main.o
 .debug_macro   0x0000000000014211       0x52 ./Core/Src/main.o
 .debug_macro   0x0000000000014263       0x18 ./Core/Src/main.o
 .debug_macro   0x000000000001427b       0x3c ./Core/Src/main.o
 .debug_macro   0x00000000000142b7       0x34 ./Core/Src/main.o
 .debug_macro   0x00000000000142eb       0x16 ./Core/Src/main.o
 .debug_macro   0x0000000000014301       0x35 ./Core/Src/main.o
 .debug_macro   0x0000000000014336      0x341 ./Core/Src/main.o
 .debug_macro   0x0000000000014677       0x10 ./Core/Src/main.o
 .debug_macro   0x0000000000014687       0x16 ./Core/Src/main.o
 .debug_macro   0x000000000001469d       0x43 ./Core/Src/main.o
 .debug_macro   0x00000000000146e0       0x34 ./Core/Src/main.o
 .debug_macro   0x0000000000014714       0x10 ./Core/Src/main.o
 .debug_macro   0x0000000000014724       0x58 ./Core/Src/main.o
 .debug_macro   0x000000000001477c       0x71 ./Core/Src/main.o
 .debug_macro   0x00000000000147ed       0x1c ./Core/Src/main.o
 .debug_macro   0x0000000000014809      0x12a ./Core/Src/main.o
 .debug_macro   0x0000000000014933       0x10 ./Core/Src/main.o
 .debug_macro   0x0000000000014943       0x1c ./Core/Src/main.o
 .debug_macro   0x000000000001495f       0x52 ./Core/Src/main.o
 .debug_macro   0x00000000000149b1       0x22 ./Core/Src/main.o
 .debug_macro   0x00000000000149d3       0x10 ./Core/Src/main.o
 .debug_macro   0x00000000000149e3       0x52 ./Core/Src/main.o
 .debug_macro   0x0000000000014a35       0xd5 ./Core/Src/main.o
 .debug_macro   0x0000000000014b0a       0x1c ./Core/Src/main.o
 .debug_macro   0x0000000000014b26       0x3d ./Core/Src/main.o
 .debug_macro   0x0000000000014b63       0x16 ./Core/Src/main.o
 .debug_macro   0x0000000000014b79      0x145 ./Core/Src/main.o
 .debug_macro   0x0000000000014cbe       0x4c ./Core/Src/main.o
 .debug_macro   0x0000000000014d0a       0x10 ./Core/Src/main.o
 .debug_macro   0x0000000000014d1a      0x241 ./Core/Src/main.o
 .debug_macro   0x0000000000014f5b       0x16 ./Core/Src/main.o
 .debug_macro   0x0000000000014f71       0x20 ./Core/Src/main.o
 .debug_macro   0x0000000000014f91       0x16 ./Core/Src/main.o
 .debug_macro   0x0000000000014fa7       0x16 ./Core/Src/main.o
 .debug_macro   0x0000000000014fbd       0x29 ./Core/Src/main.o
 .debug_macro   0x0000000000014fe6       0x1c ./Core/Src/main.o
 .debug_macro   0x0000000000015002      0x19b ./Core/Src/main.o
 .debug_macro   0x000000000001519d       0x2e ./Core/Src/main.o
 .debug_macro   0x00000000000151cb       0x28 ./Core/Src/main.o
 .debug_macro   0x00000000000151f3       0x34 ./Core/Src/main.o
 .debug_macro   0x0000000000015227      0x3d3 ./Core/Src/sramplatform.o
 .debug_macro   0x00000000000155fa       0x4c ./Core/Src/sramplatform.o
 .debug_macro   0x0000000000015646       0x94 ./Core/Src/sramplatform.o
 .debug_macro   0x00000000000156da       0x57 ./Core/Src/sramplatform.o
 .debug_macro   0x0000000000015731       0x10 ./Core/Src/sramplatform.o
 .debug_macro   0x0000000000015741       0x1c ./Core/Src/sramplatform.o
 .debug_macro   0x000000000001575d       0x55 ./Core/Src/sramplatform.o
 .debug_macro   0x00000000000157b2      0x1b9 ./Core/Src/stm32l1xx_hal_msp.o
 .debug_macro   0x000000000001596b      0x1c3 ./Core/Src/stm32l1xx_it.o
 .debug_macro   0x0000000000015b2e       0xff ./Core/Src/sysmem.o
 .debug_macro   0x0000000000015c2d      0x23b ./Core/Src/sysmem.o
 .debug_macro   0x0000000000015e68      0x1af ./Core/Src/system_stm32l1xx.o
 .debug_macro   0x0000000000016017      0x44e ./Core/Src/zforth.o
 .debug_macro   0x0000000000016465      0x119 ./Core/Src/zforth.o
 .debug_macro   0x000000000001657e      0x1d3 ./Drivers/STM32L1xx_HAL_Driver/Src/stm32l1xx_hal.o
 .debug_macro   0x0000000000016751      0x1cc ./Drivers/STM32L1xx_HAL_Driver/Src/stm32l1xx_hal_adc.o
 .debug_macro   0x000000000001691d      0x1e5 ./Drivers/STM32L1xx_HAL_Driver/Src/stm32l1xx_hal_adc_ex.o
 .debug_macro   0x0000000000016b02      0x1af ./Drivers/STM32L1xx_HAL_Driver/Src/stm32l1xx_hal_cortex.o
 .debug_macro   0x0000000000016cb1      0x1af ./Drivers/STM32L1xx_HAL_Driver/Src/stm32l1xx_hal_dma.o
 .debug_macro   0x0000000000016e60      0x1b6 ./Drivers/STM32L1xx_HAL_Driver/Src/stm32l1xx_hal_gpio.o
 .debug_macro   0x0000000000017016      0x1c1 ./Drivers/STM32L1xx_HAL_Driver/Src/stm32l1xx_hal_rcc.o
 .debug_macro   0x00000000000171d7      0x1b0 ./Drivers/STM32L1xx_HAL_Driver/Src/stm32l1xx_hal_uart.o

.debug_line     0x0000000000000000     0xb306
 .debug_line    0x0000000000000000      0xd1c ./Core/Src/main.o
 .debug_line    0x0000000000000d1c      0xa83 ./Core/Src/sramplatform.o
 .debug_line    0x000000000000179f      0x7a8 ./Core/Src/stm32l1xx_hal_msp.o
 .debug_line    0x0000000000001f47      0x7d0 ./Core/Src/stm32l1xx_it.o
 .debug_line    0x0000000000002717      0x4bd ./Core/Src/sysmem.o
 .debug_line    0x0000000000002bd4      0x71e ./Core/Src/system_stm32l1xx.o
 .debug_line    0x00000000000032f2     0x129f ./Core/Src/zforth.o
 .debug_line    0x0000000000004591       0x87 ./Core/Startup/startup_stm32l152retx.o
 .debug_line    0x0000000000004618      0x941 ./Drivers/STM32L1xx_HAL_Driver/Src/stm32l1xx_hal.o
 .debug_line    0x0000000000004f59      0xf2b ./Drivers/STM32L1xx_HAL_Driver/Src/stm32l1xx_hal_adc.o
 .debug_line    0x0000000000005e84      0xa89 ./Drivers/STM32L1xx_HAL_Driver/Src/stm32l1xx_hal_adc_ex.o
 .debug_line    0x000000000000690d      0xc0e ./Drivers/STM32L1xx_HAL_Driver/Src/stm32l1xx_hal_cortex.o
 .debug_line    0x000000000000751b      0xbca ./Drivers/STM32L1xx_HAL_Driver/Src/stm32l1xx_hal_dma.o
 .debug_line    0x00000000000080e5      0x9bb ./Drivers/STM32L1xx_HAL_Driver/Src/stm32l1xx_hal_gpio.o
 .debug_line    0x0000000000008aa0      0xe49 ./Drivers/STM32L1xx_HAL_Driver/Src/stm32l1xx_hal_rcc.o
 .debug_line    0x00000000000098e9     0x1a1d ./Drivers/STM32L1xx_HAL_Driver/Src/stm32l1xx_hal_uart.o

.debug_str      0x0000000000000000    0x8d5de
 .debug_str     0x0000000000000000    0x8a766 ./Core/Src/main.o
                                      0x8ab2d (size before relaxing)
 .debug_str     0x000000000008a766       0x5f ./Core/Src/sramplatform.o
                                      0x8a0f0 (size before relaxing)
 .debug_str     0x000000000008a7c5      0x128 ./Core/Src/stm32l1xx_hal_msp.o
                                      0x85924 (size before relaxing)
 .debug_str     0x000000000008a8ed      0x182 ./Core/Src/stm32l1xx_it.o
                                      0x85545 (size before relaxing)
 .debug_str     0x000000000008aa6f       0x73 ./Core/Src/sysmem.o
                                       0x5d5c (size before relaxing)
 .debug_str     0x000000000008aae2       0x99 ./Core/Src/system_stm32l1xx.o
                                      0x84ee1 (size before relaxing)
 .debug_str     0x000000000008ab7b     0x110e ./Core/Src/zforth.o
                                      0x8ae8b (size before relaxing)
 .debug_str     0x000000000008bc89       0x36 ./Core/Startup/startup_stm32l152retx.o
                                         0x76 (size before relaxing)
 .debug_str     0x000000000008bcbf      0x31b ./Drivers/STM32L1xx_HAL_Driver/Src/stm32l1xx_hal.o
                                      0x85606 (size before relaxing)
 .debug_str     0x000000000008bfda      0x32f ./Drivers/STM32L1xx_HAL_Driver/Src/stm32l1xx_hal_adc.o
                                      0x85669 (size before relaxing)
 .debug_str     0x000000000008c309      0x3cf ./Drivers/STM32L1xx_HAL_Driver/Src/stm32l1xx_hal_adc_ex.o
                                      0x85683 (size before relaxing)
 .debug_str     0x000000000008c6d8      0x3a2 ./Drivers/STM32L1xx_HAL_Driver/Src/stm32l1xx_hal_cortex.o