../Core/Inc/sramplatform.h:124:24:crc16_byte	16	static
../Core/Src/main.c:108:10:crc16	24	static
../Core/Src/main.c:120:5:main	584	static
../Core/Src/main.c:380:6:SystemClock_Config	80	static
../Core/Src/main.c:421:13:MX_ADC_Init	24	static
../Core/Src/main.c:482:13:MX_USART1_UART_Init	8	static
../Core/Src/main.c:513:13:MX_USART3_UART_Init	8	static
../Core/Src/main.c:542:13:MX_DMA_Init	16	static
../Core/Src/main.c:565:13:MX_GPIO_Init	16	static
../Core/Src/main.c:576:6:HAL_UART_RxCpltCallback	16	static
../Core/Src/main.c:591:6:Error_Handler	4	static,ignoring_inline_asm
