../Core/Src/zforth.c:197:6:zf_abort	16	static
../Core/Src/zforth.c:205:6:zf_push	16	static
../Core/Src/zforth.c:210:9:zf_pop	16	static
../Core/Src/zforth.c:217:9:zf_pick	16	static
../Core/Src/zforth.c:222:13:zf_pushr	16	static
../Core/Src/zforth.c:227:16:zf_popr	16	static
../Core/Src/zforth.c:234:9:zf_pickr	16	static
../Core/Src/zforth.c:243:16:dict_put_bytes	32	static
../Core/Src/zforth.c:252:13:dict_get_bytes	32	static
../Core/Src/zforth.c:277:16:dict_put_cell_typed	64	static
../Core/Src/zforth.c:311:16:dict_get_cell_typed	48	static
../Core/Src/zforth.c:346:16:dict_put_cell	16	static
../Core/Src/zforth.c:350:16:dict_get_cell	16	static
../Core/Src/zforth.c:359:13:dict_add_cell_typed	16	static
../Core/Src/zforth.c:363:13:dict_add_cell	16	static
../Core/Src/zforth.c:367:13:dict_add_op	16	static
../Core/Src/zforth.c:371:13:dict_add_lit	16	static
../Core/Src/zforth.c:376:13:dict_add_str	24	static
../Core/Src/zforth.c:386:13:create	24	static
../Core/Src/zforth.c:399:12:find_word	56	static
../Core/Src/zforth.c:428:13:make_immediate	16	static
../Core/Src/zforth.c:438:13:run	32	static
../Core/Src/zforth.c:471:13:execute	16	static
../Core/Src/zforth.c:480:16:peek	24	static
../Core/Src/zforth.c:494:13:do_prim	48	static
../Core/Src/zforth.c:737:13:handle_word	40	static
../Core/Src/zforth.c:794:13:handle_char	16	static
../Core/Src/zforth.c:823:6:zf_init	16	static
../Core/Src/zforth.c:837:13:add_prim	24	static
../Core/Src/zforth.c:852:13:add_uservar	16	static
../Core/Src/zforth.c:858:6:zf_bootstrap	16	static
../Core/Src/zforth.c:878:11:zf_eval	24	static
../Core/Src/zforth.c:897:7:zf_dump	16	static
../Core/Src/zforth.c:903:11:zf_uservar_set	24	static
../Core/Src/zforth.c:914:11:zf_uservar_get	24	static
../Core/Src/zforth.c:927:6:init_interpreter	8	static
../Core/Src/zforth.c:934:5:eval_cmd	24	static
../Core/Src/zforth.c:939:9:zf_host_parse_num	32	static
